Archive member included to satisfy reference by file (symbol)

/home/tock/libtock-c/libtock/build/cortex-m0/libtock.a(led.o)
                              build/cortex-m0/main.o (led_count)
/home/tock/libtock-c/libtock/build/cortex-m0/libtock.a(crt0.o)
                              (_start)
/home/tock/libtock-c/libtock/build/cortex-m0/libtock.a(tock.o)
                              /home/tock/libtock-c/libtock/build/cortex-m0/libtock.a(crt0.o) (yield)
/home/tock/libtock-c/libtock/build/cortex-m0/libtock.a(ipc.o)
                              build/cortex-m0/main.o (ipc_register_svc)
/home/tock/libtock-c/newlib/cortex-m/libc.a(lib_a-exit.o)
                              /home/tock/libtock-c/libtock/build/cortex-m0/libtock.a(tock.o) (exit)
/home/tock/libtock-c/newlib/cortex-m/libc.a(lib_a-impure.o)
                              /home/tock/libtock-c/newlib/cortex-m/libc.a(lib_a-exit.o) (_global_impure_ptr)
/home/tock/libtock-c/newlib/cortex-m/libc.a(lib_a-malloc.o)
                              /home/tock/libtock-c/libtock/build/cortex-m0/libtock.a(ipc.o) (malloc)
/home/tock/libtock-c/newlib/cortex-m/libc.a(lib_a-memcpy-stub.o)
                              /home/tock/libtock-c/libtock/build/cortex-m0/libtock.a(crt0.o) (memcpy)
/home/tock/libtock-c/newlib/cortex-m/libc.a(lib_a-memset.o)
                              /home/tock/libtock-c/libtock/build/cortex-m0/libtock.a(crt0.o) (memset)
/home/tock/libtock-c/newlib/cortex-m/libc.a(lib_a-nano-freer.o)
                              /home/tock/libtock-c/newlib/cortex-m/libc.a(lib_a-malloc.o) (_free_r)
/home/tock/libtock-c/newlib/cortex-m/libc.a(lib_a-nano-mallocr.o)
                              /home/tock/libtock-c/newlib/cortex-m/libc.a(lib_a-malloc.o) (_malloc_r)
/home/tock/libtock-c/newlib/cortex-m/libc.a(lib_a-printf.o)
                              /home/tock/libtock-c/libtock/build/cortex-m0/libtock.a(tock.o) (printf)
/home/tock/libtock-c/newlib/cortex-m/libc.a(lib_a-sbrkr.o)
                              /home/tock/libtock-c/newlib/cortex-m/libc.a(lib_a-nano-mallocr.o) (_sbrk_r)
/home/tock/libtock-c/newlib/cortex-m/libc.a(lib_a-strlen.o)
                              /home/tock/libtock-c/libtock/build/cortex-m0/libtock.a(ipc.o) (strlen)
/home/tock/libtock-c/newlib/cortex-m/libc.a(lib_a-findfp.o)
                              /home/tock/libtock-c/newlib/cortex-m/libc.a(lib_a-printf.o) (__sinit)
/home/tock/libtock-c/newlib/cortex-m/libc.a(lib_a-fwalk.o)
                              /home/tock/libtock-c/newlib/cortex-m/libc.a(lib_a-findfp.o) (_fwalk)
/home/tock/libtock-c/newlib/cortex-m/libc.a(lib_a-mlock.o)
                              /home/tock/libtock-c/newlib/cortex-m/libc.a(lib_a-nano-freer.o) (__malloc_lock)
/home/tock/libtock-c/newlib/cortex-m/libc.a(lib_a-nano-vfprintf.o)
                              /home/tock/libtock-c/newlib/cortex-m/libc.a(lib_a-printf.o) (_vfprintf_r)
/home/tock/libtock-c/newlib/cortex-m/libc.a(lib_a-reent.o)
                              /home/tock/libtock-c/newlib/cortex-m/libc.a(lib_a-sbrkr.o) (errno)
/home/tock/libtock-c/newlib/cortex-m/libc.a(lib_a-stdio.o)
                              /home/tock/libtock-c/newlib/cortex-m/libc.a(lib_a-findfp.o) (__sread)
/home/tock/libtock-c/newlib/cortex-m/libc.a(lib_a-wbuf.o)
                              /home/tock/libtock-c/newlib/cortex-m/libc.a(lib_a-nano-vfprintf.o) (__swbuf_r)
/home/tock/libtock-c/newlib/cortex-m/libc.a(lib_a-writer.o)
                              /home/tock/libtock-c/newlib/cortex-m/libc.a(lib_a-stdio.o) (_write_r)
/home/tock/libtock-c/newlib/cortex-m/libc.a(lib_a-wsetup.o)
                              /home/tock/libtock-c/newlib/cortex-m/libc.a(lib_a-nano-vfprintf.o) (__swsetup_r)
/home/tock/libtock-c/newlib/cortex-m/libc.a(lib_a-closer.o)
                              /home/tock/libtock-c/newlib/cortex-m/libc.a(lib_a-stdio.o) (_close_r)
/home/tock/libtock-c/newlib/cortex-m/libc.a(lib_a-fflush.o)
                              /home/tock/libtock-c/newlib/cortex-m/libc.a(lib_a-findfp.o) (_fflush_r)
/home/tock/libtock-c/newlib/cortex-m/libc.a(lib_a-fvwrite.o)
                              /home/tock/libtock-c/newlib/cortex-m/libc.a(lib_a-nano-vfprintf.o) (__sfvwrite_r)
/home/tock/libtock-c/newlib/cortex-m/libc.a(lib_a-lseekr.o)
                              /home/tock/libtock-c/newlib/cortex-m/libc.a(lib_a-stdio.o) (_lseek_r)
/home/tock/libtock-c/newlib/cortex-m/libc.a(lib_a-makebuf.o)
                              /home/tock/libtock-c/newlib/cortex-m/libc.a(lib_a-wsetup.o) (__smakebuf_r)
/home/tock/libtock-c/newlib/cortex-m/libc.a(lib_a-memchr-stub.o)
                              /home/tock/libtock-c/newlib/cortex-m/libc.a(lib_a-nano-vfprintf.o) (memchr)
/home/tock/libtock-c/newlib/cortex-m/libc.a(lib_a-memmove.o)
                              /home/tock/libtock-c/newlib/cortex-m/libc.a(lib_a-fvwrite.o) (memmove)
/home/tock/libtock-c/newlib/cortex-m/libc.a(lib_a-nano-reallocr.o)
                              /home/tock/libtock-c/newlib/cortex-m/libc.a(lib_a-fvwrite.o) (_realloc_r)
/home/tock/libtock-c/newlib/cortex-m/libc.a(lib_a-nano-vfprintf_i.o)
                              /home/tock/libtock-c/newlib/cortex-m/libc.a(lib_a-nano-vfprintf.o) (_printf_i)
/home/tock/libtock-c/newlib/cortex-m/libc.a(lib_a-readr.o)
                              /home/tock/libtock-c/newlib/cortex-m/libc.a(lib_a-stdio.o) (_read_r)
/home/tock/libtock-c/newlib/cortex-m/libc.a(lib_a-fstatr.o)
                              /home/tock/libtock-c/newlib/cortex-m/libc.a(lib_a-makebuf.o) (_fstat_r)
/home/tock/libtock-c/newlib/cortex-m/libc.a(lib_a-isattyr.o)
                              /home/tock/libtock-c/newlib/cortex-m/libc.a(lib_a-makebuf.o) (_isatty_r)
/home/tock/libtock-c/newlib/cortex-m/libc.a(lib_a-nano-msizer.o)
                              /home/tock/libtock-c/newlib/cortex-m/libc.a(lib_a-nano-reallocr.o) (_malloc_usable_size_r)
/home/tock/libtock-c/libc++/cortex-m/libgcc.a(_thumb1_case_uqi.o)
                              /home/tock/libtock-c/libtock/build/cortex-m0/libtock.a(tock.o) (__gnu_thumb1_case_uqi)
/home/tock/libtock-c/libc++/cortex-m/libgcc.a(_udivsi3.o)
                              /home/tock/libtock-c/newlib/cortex-m/libc.a(lib_a-nano-vfprintf_i.o) (__aeabi_uidiv)
/home/tock/libtock-c/libc++/cortex-m/libgcc.a(_divsi3.o)
                              /home/tock/libtock-c/newlib/cortex-m/libc.a(lib_a-fvwrite.o) (__aeabi_idiv)
/home/tock/libtock-c/libc++/cortex-m/libgcc.a(_dvmd_tls.o)
                              /home/tock/libtock-c/libc++/cortex-m/libgcc.a(_udivsi3.o) (__aeabi_idiv0)
/home/tock/libtock-c/libtock/build/cortex-m0/libtock.a(sys.o)
                              /home/tock/libtock-c/newlib/cortex-m/libc.a(lib_a-isattyr.o) (_isatty)
/home/tock/libtock-c/libtock/build/cortex-m0/libtock.a(console.o)
                              /home/tock/libtock-c/libtock/build/cortex-m0/libtock.a(sys.o) (putnstr)
/home/tock/libtock-c/newlib/cortex-m/libc.a(lib_a-errno.o)
                              /home/tock/libtock-c/libtock/build/cortex-m0/libtock.a(sys.o) (__errno)
/home/tock/libtock-c/newlib/cortex-m/libc.a(lib_a-strncpy.o)
                              /home/tock/libtock-c/libtock/build/cortex-m0/libtock.a(console.o) (strncpy)

Allocating common symbols
Common symbol       size              file

errno               0x4               /home/tock/libtock-c/newlib/cortex-m/libc.a(lib_a-reent.o)

Discarded input sections

 .text          0x0000000000000000        0x0 build/cortex-m0/main.o
 .text          0x0000000000000000        0x0 /home/tock/libtock-c/libtock/build/cortex-m0/libtock.a(led.o)
 .text.led_toggle
                0x0000000000000000       0x10 /home/tock/libtock-c/libtock/build/cortex-m0/libtock.a(led.o)
 .text          0x0000000000000000        0x0 /home/tock/libtock-c/libtock/build/cortex-m0/libtock.a(crt0.o)
 .text          0x0000000000000000        0x0 /home/tock/libtock-c/libtock/build/cortex-m0/libtock.a(tock.o)
 .text.tock_enqueue
                0x0000000000000000       0x6c /home/tock/libtock-c/libtock/build/cortex-m0/libtock.a(tock.o)
 .text.yield_for
                0x0000000000000000       0x12 /home/tock/libtock-c/libtock/build/cortex-m0/libtock.a(tock.o)
 .text.allow    0x0000000000000000        0x4 /home/tock/libtock-c/libtock/build/cortex-m0/libtock.a(tock.o)
 .text.memop    0x0000000000000000        0x4 /home/tock/libtock-c/libtock/build/cortex-m0/libtock.a(tock.o)
 .text.tock_app_memory_begins_at
                0x0000000000000000        0xc /home/tock/libtock-c/libtock/build/cortex-m0/libtock.a(tock.o)
 .text.tock_app_memory_ends_at
                0x0000000000000000        0xc /home/tock/libtock-c/libtock/build/cortex-m0/libtock.a(tock.o)
 .text.tock_app_flash_begins_at
                0x0000000000000000        0xc /home/tock/libtock-c/libtock/build/cortex-m0/libtock.a(tock.o)
 .text.tock_app_flash_ends_at
                0x0000000000000000        0xc /home/tock/libtock-c/libtock/build/cortex-m0/libtock.a(tock.o)
 .text.tock_app_grant_begins_at
                0x0000000000000000        0xc /home/tock/libtock-c/libtock/build/cortex-m0/libtock.a(tock.o)
 .text.tock_app_number_writeable_flash_regions
                0x0000000000000000        0xc /home/tock/libtock-c/libtock/build/cortex-m0/libtock.a(tock.o)
 .text.tock_app_writeable_flash_region_begins_at
                0x0000000000000000        0xc /home/tock/libtock-c/libtock/build/cortex-m0/libtock.a(tock.o)
 .text.tock_app_writeable_flash_region_ends_at
                0x0000000000000000        0xc /home/tock/libtock-c/libtock/build/cortex-m0/libtock.a(tock.o)
 .text.driver_exists
                0x0000000000000000       0x12 /home/tock/libtock-c/libtock/build/cortex-m0/libtock.a(tock.o)
 .text.tock_strerror
                0x0000000000000000       0xa0 /home/tock/libtock-c/libtock/build/cortex-m0/libtock.a(tock.o)
 .text.tock_expect
                0x0000000000000000       0x54 /home/tock/libtock-c/libtock/build/cortex-m0/libtock.a(tock.o)
 .rodata.tock_expect.str1.1
                0x0000000000000000       0x65 /home/tock/libtock-c/libtock/build/cortex-m0/libtock.a(tock.o)
 .rodata.tock_strerror.str1.1
                0x0000000000000000      0x1aa /home/tock/libtock-c/libtock/build/cortex-m0/libtock.a(tock.o)
 .text          0x0000000000000000        0x0 /home/tock/libtock-c/libtock/build/cortex-m0/libtock.a(ipc.o)
 .text.ipc_discover
                0x0000000000000000       0x32 /home/tock/libtock-c/libtock/build/cortex-m0/libtock.a(ipc.o)
 .text.ipc_register_client_cb
                0x0000000000000000       0x1c /home/tock/libtock-c/libtock/build/cortex-m0/libtock.a(ipc.o)
 .text.ipc_notify_svc
                0x0000000000000000       0x12 /home/tock/libtock-c/libtock/build/cortex-m0/libtock.a(ipc.o)
 .text.ipc_share
                0x0000000000000000       0x1c /home/tock/libtock-c/libtock/build/cortex-m0/libtock.a(ipc.o)
 .text          0x0000000000000000        0x0 /home/tock/libtock-c/newlib/cortex-m/libc.a(lib_a-exit.o)
 .text.exit     0x0000000000000000       0x38 /home/tock/libtock-c/newlib/cortex-m/libc.a(lib_a-exit.o)
 .text          0x0000000000000000        0x0 /home/tock/libtock-c/newlib/cortex-m/libc.a(lib_a-impure.o)
 .text          0x0000000000000000        0x0 /home/tock/libtock-c/newlib/cortex-m/libc.a(lib_a-malloc.o)
 .text.malloc   0x0000000000000000       0x1c /home/tock/libtock-c/newlib/cortex-m/libc.a(lib_a-malloc.o)
 .text.free     0x0000000000000000       0x1c /home/tock/libtock-c/newlib/cortex-m/libc.a(lib_a-malloc.o)
 .text          0x0000000000000000        0x0 /home/tock/libtock-c/newlib/cortex-m/libc.a(lib_a-memcpy-stub.o)
 .text          0x0000000000000000        0x0 /home/tock/libtock-c/newlib/cortex-m/libc.a(lib_a-memset.o)
 .text          0x0000000000000000        0x0 /home/tock/libtock-c/newlib/cortex-m/libc.a(lib_a-nano-freer.o)
 .text._free_r  0x0000000000000000       0xa0 /home/tock/libtock-c/newlib/cortex-m/libc.a(lib_a-nano-freer.o)
 .text          0x0000000000000000        0x0 /home/tock/libtock-c/newlib/cortex-m/libc.a(lib_a-nano-mallocr.o)
 .text._malloc_r
                0x0000000000000000       0xcc /home/tock/libtock-c/newlib/cortex-m/libc.a(lib_a-nano-mallocr.o)
 .text          0x0000000000000000        0x0 /home/tock/libtock-c/newlib/cortex-m/libc.a(lib_a-printf.o)
 .text._printf_r
                0x0000000000000000       0x2c /home/tock/libtock-c/newlib/cortex-m/libc.a(lib_a-printf.o)
 .text.printf   0x0000000000000000       0x44 /home/tock/libtock-c/newlib/cortex-m/libc.a(lib_a-printf.o)
 .text          0x0000000000000000        0x0 /home/tock/libtock-c/newlib/cortex-m/libc.a(lib_a-sbrkr.o)
 .text._sbrk_r  0x0000000000000000       0x30 /home/tock/libtock-c/newlib/cortex-m/libc.a(lib_a-sbrkr.o)
 .text          0x0000000000000000        0xe /home/tock/libtock-c/newlib/cortex-m/libc.a(lib_a-strlen.o)
 .text          0x0000000000000000        0x0 /home/tock/libtock-c/newlib/cortex-m/libc.a(lib_a-findfp.o)
 .text.__fp_unlock
                0x0000000000000000        0x4 /home/tock/libtock-c/newlib/cortex-m/libc.a(lib_a-findfp.o)
 .text._cleanup_r
                0x0000000000000000       0x20 /home/tock/libtock-c/newlib/cortex-m/libc.a(lib_a-findfp.o)
 .text.std.isra.0
                0x0000000000000000       0x64 /home/tock/libtock-c/newlib/cortex-m/libc.a(lib_a-findfp.o)
 .text.__fp_lock
                0x0000000000000000        0x4 /home/tock/libtock-c/newlib/cortex-m/libc.a(lib_a-findfp.o)
 .text.__sfmoreglue
                0x0000000000000000       0x2c /home/tock/libtock-c/newlib/cortex-m/libc.a(lib_a-findfp.o)
 .text._cleanup
                0x0000000000000000       0x18 /home/tock/libtock-c/newlib/cortex-m/libc.a(lib_a-findfp.o)
 .text.__sfp_lock_acquire
                0x0000000000000000        0x2 /home/tock/libtock-c/newlib/cortex-m/libc.a(lib_a-findfp.o)
 .text.__sfp_lock_release
                0x0000000000000000        0x2 /home/tock/libtock-c/newlib/cortex-m/libc.a(lib_a-findfp.o)
 .text.__sinit_lock_acquire
                0x0000000000000000        0x2 /home/tock/libtock-c/newlib/cortex-m/libc.a(lib_a-findfp.o)
 .text.__sinit_lock_release
                0x0000000000000000        0x2 /home/tock/libtock-c/newlib/cortex-m/libc.a(lib_a-findfp.o)
 .text.__sinit  0x0000000000000000       0x84 /home/tock/libtock-c/newlib/cortex-m/libc.a(lib_a-findfp.o)
 .text.__sfp    0x0000000000000000       0x94 /home/tock/libtock-c/newlib/cortex-m/libc.a(lib_a-findfp.o)
 .text.__fp_lock_all
                0x0000000000000000       0x30 /home/tock/libtock-c/newlib/cortex-m/libc.a(lib_a-findfp.o)
 .text.__fp_unlock_all
                0x0000000000000000       0x30 /home/tock/libtock-c/newlib/cortex-m/libc.a(lib_a-findfp.o)
 .text          0x0000000000000000        0x0 /home/tock/libtock-c/newlib/cortex-m/libc.a(lib_a-fwalk.o)
 .text._fwalk   0x0000000000000000       0x3a /home/tock/libtock-c/newlib/cortex-m/libc.a(lib_a-fwalk.o)
 .text._fwalk_reent
                0x0000000000000000       0x44 /home/tock/libtock-c/newlib/cortex-m/libc.a(lib_a-fwalk.o)
 .text          0x0000000000000000        0x0 /home/tock/libtock-c/newlib/cortex-m/libc.a(lib_a-mlock.o)
 .text.__malloc_lock
                0x0000000000000000        0x2 /home/tock/libtock-c/newlib/cortex-m/libc.a(lib_a-mlock.o)
 .text.__malloc_unlock
                0x0000000000000000        0x2 /home/tock/libtock-c/newlib/cortex-m/libc.a(lib_a-mlock.o)
 .text          0x0000000000000000        0x0 /home/tock/libtock-c/newlib/cortex-m/libc.a(lib_a-nano-vfprintf.o)
 .text.__sfputc_r
                0x0000000000000000       0x2a /home/tock/libtock-c/newlib/cortex-m/libc.a(lib_a-nano-vfprintf.o)
 .text.__sfputs_r
                0x0000000000000000       0x24 /home/tock/libtock-c/newlib/cortex-m/libc.a(lib_a-nano-vfprintf.o)
 .text.__sprint_r
                0x0000000000000000       0x1c /home/tock/libtock-c/newlib/cortex-m/libc.a(lib_a-nano-vfprintf.o)
 .text._vfprintf_r
                0x0000000000000000      0x288 /home/tock/libtock-c/newlib/cortex-m/libc.a(lib_a-nano-vfprintf.o)
 .text.vfprintf
                0x0000000000000000       0x24 /home/tock/libtock-c/newlib/cortex-m/libc.a(lib_a-nano-vfprintf.o)
 .rodata._vfprintf_r.str1.1
                0x0000000000000000       0x11 /home/tock/libtock-c/newlib/cortex-m/libc.a(lib_a-nano-vfprintf.o)
 .text          0x0000000000000000        0x0 /home/tock/libtock-c/newlib/cortex-m/libc.a(lib_a-reent.o)
 .text.cleanup_glue
                0x0000000000000000       0x1a /home/tock/libtock-c/newlib/cortex-m/libc.a(lib_a-reent.o)
 .text._reclaim_reent
                0x0000000000000000       0xd8 /home/tock/libtock-c/newlib/cortex-m/libc.a(lib_a-reent.o)
 COMMON         0x0000000000000000        0x4 /home/tock/libtock-c/newlib/cortex-m/libc.a(lib_a-reent.o)
 .text          0x0000000000000000        0x0 /home/tock/libtock-c/newlib/cortex-m/libc.a(lib_a-stdio.o)
 .text.__sread  0x0000000000000000       0x28 /home/tock/libtock-c/newlib/cortex-m/libc.a(lib_a-stdio.o)
 .text.__seofread
                0x0000000000000000        0x4 /home/tock/libtock-c/newlib/cortex-m/libc.a(lib_a-stdio.o)
 .text.__swrite
                0x0000000000000000       0x38 /home/tock/libtock-c/newlib/cortex-m/libc.a(lib_a-stdio.o)
 .text.__sseek  0x0000000000000000       0x2c /home/tock/libtock-c/newlib/cortex-m/libc.a(lib_a-stdio.o)
 .text.__sclose
                0x0000000000000000        0xc /home/tock/libtock-c/newlib/cortex-m/libc.a(lib_a-stdio.o)
 .text          0x0000000000000000        0x0 /home/tock/libtock-c/newlib/cortex-m/libc.a(lib_a-wbuf.o)
 .text.__swbuf_r
                0x0000000000000000       0xc8 /home/tock/libtock-c/newlib/cortex-m/libc.a(lib_a-wbuf.o)
 .text.__swbuf  0x0000000000000000       0x20 /home/tock/libtock-c/newlib/cortex-m/libc.a(lib_a-wbuf.o)
 .text          0x0000000000000000        0x0 /home/tock/libtock-c/newlib/cortex-m/libc.a(lib_a-writer.o)
 .text._write_r
                0x0000000000000000       0x34 /home/tock/libtock-c/newlib/cortex-m/libc.a(lib_a-writer.o)
 .text          0x0000000000000000        0x0 /home/tock/libtock-c/newlib/cortex-m/libc.a(lib_a-wsetup.o)
 .text.__swsetup_r
                0x0000000000000000      0x108 /home/tock/libtock-c/newlib/cortex-m/libc.a(lib_a-wsetup.o)
 .text          0x0000000000000000        0x0 /home/tock/libtock-c/newlib/cortex-m/libc.a(lib_a-closer.o)
 .text._close_r
                0x0000000000000000       0x30 /home/tock/libtock-c/newlib/cortex-m/libc.a(lib_a-closer.o)
 .text          0x0000000000000000        0x0 /home/tock/libtock-c/newlib/cortex-m/libc.a(lib_a-fflush.o)
 .text.__sflush_r
                0x0000000000000000      0x11c /home/tock/libtock-c/newlib/cortex-m/libc.a(lib_a-fflush.o)
 .text._fflush_r
                0x0000000000000000       0x74 /home/tock/libtock-c/newlib/cortex-m/libc.a(lib_a-fflush.o)
 .text.fflush   0x0000000000000000       0x40 /home/tock/libtock-c/newlib/cortex-m/libc.a(lib_a-fflush.o)
 .text          0x0000000000000000        0x0 /home/tock/libtock-c/newlib/cortex-m/libc.a(lib_a-fvwrite.o)
 .text.__sfvwrite_r
                0x0000000000000000      0x2c4 /home/tock/libtock-c/newlib/cortex-m/libc.a(lib_a-fvwrite.o)
 .text          0x0000000000000000        0x0 /home/tock/libtock-c/newlib/cortex-m/libc.a(lib_a-lseekr.o)
 .text._lseek_r
                0x0000000000000000       0x34 /home/tock/libtock-c/newlib/cortex-m/libc.a(lib_a-lseekr.o)
 .text          0x0000000000000000        0x0 /home/tock/libtock-c/newlib/cortex-m/libc.a(lib_a-makebuf.o)
 .text.__swhatbuf_r
                0x0000000000000000       0x50 /home/tock/libtock-c/newlib/cortex-m/libc.a(lib_a-makebuf.o)
 .text.__smakebuf_r
                0x0000000000000000       0x98 /home/tock/libtock-c/newlib/cortex-m/libc.a(lib_a-makebuf.o)
 .text          0x0000000000000000        0x0 /home/tock/libtock-c/newlib/cortex-m/libc.a(lib_a-memchr-stub.o)
 .text.memchr   0x0000000000000000       0x16 /home/tock/libtock-c/newlib/cortex-m/libc.a(lib_a-memchr-stub.o)
 .text          0x0000000000000000        0x0 /home/tock/libtock-c/newlib/cortex-m/libc.a(lib_a-memmove.o)
 .text.memmove  0x0000000000000000       0x24 /home/tock/libtock-c/newlib/cortex-m/libc.a(lib_a-memmove.o)
 .text          0x0000000000000000        0x0 /home/tock/libtock-c/newlib/cortex-m/libc.a(lib_a-nano-reallocr.o)
 .text._realloc_r
                0x0000000000000000       0x4c /home/tock/libtock-c/newlib/cortex-m/libc.a(lib_a-nano-reallocr.o)
 .text          0x0000000000000000        0x0 /home/tock/libtock-c/newlib/cortex-m/libc.a(lib_a-nano-vfprintf_i.o)
 .text._printf_common
                0x0000000000000000       0xdc /home/tock/libtock-c/newlib/cortex-m/libc.a(lib_a-nano-vfprintf_i.o)
 .text._printf_i
                0x0000000000000000      0x248 /home/tock/libtock-c/newlib/cortex-m/libc.a(lib_a-nano-vfprintf_i.o)
 .rodata._printf_i.str1.1
                0x0000000000000000       0x22 /home/tock/libtock-c/newlib/cortex-m/libc.a(lib_a-nano-vfprintf_i.o)
 .text          0x0000000000000000        0x0 /home/tock/libtock-c/newlib/cortex-m/libc.a(lib_a-readr.o)
 .text._read_r  0x0000000000000000       0x34 /home/tock/libtock-c/newlib/cortex-m/libc.a(lib_a-readr.o)
 .text          0x0000000000000000        0x0 /home/tock/libtock-c/newlib/cortex-m/libc.a(lib_a-fstatr.o)
 .text._fstat_r
                0x0000000000000000       0x30 /home/tock/libtock-c/newlib/cortex-m/libc.a(lib_a-fstatr.o)
 .text          0x0000000000000000        0x0 /home/tock/libtock-c/newlib/cortex-m/libc.a(lib_a-isattyr.o)
 .text._isatty_r
                0x0000000000000000       0x30 /home/tock/libtock-c/newlib/cortex-m/libc.a(lib_a-isattyr.o)
 .text          0x0000000000000000        0x0 /home/tock/libtock-c/newlib/cortex-m/libc.a(lib_a-nano-msizer.o)
 .text._malloc_usable_size_r
                0x0000000000000000       0x10 /home/tock/libtock-c/newlib/cortex-m/libc.a(lib_a-nano-msizer.o)
 .text          0x0000000000000000       0x14 /home/tock/libtock-c/libc++/cortex-m/libgcc.a(_thumb1_case_uqi.o)
 .text          0x0000000000000000       0x9c /home/tock/libtock-c/libc++/cortex-m/libgcc.a(_udivsi3.o)
 .text          0x0000000000000000       0xc0 /home/tock/libtock-c/libc++/cortex-m/libgcc.a(_divsi3.o)
 .text          0x0000000000000000        0x4 /home/tock/libtock-c/libc++/cortex-m/libgcc.a(_dvmd_tls.o)
 .text          0x0000000000000000        0x0 /home/tock/libtock-c/libtock/build/cortex-m0/libtock.a(sys.o)
 .text._unlink  0x0000000000000000        0x6 /home/tock/libtock-c/libtock/build/cortex-m0/libtock.a(sys.o)
 .text._isatty  0x0000000000000000        0x6 /home/tock/libtock-c/libtock/build/cortex-m0/libtock.a(sys.o)
 .text._open    0x0000000000000000        0xa /home/tock/libtock-c/libtock/build/cortex-m0/libtock.a(sys.o)
 .text._write   0x0000000000000000       0x10 /home/tock/libtock-c/libtock/build/cortex-m0/libtock.a(sys.o)
 .text._close   0x0000000000000000        0x6 /home/tock/libtock-c/libtock/build/cortex-m0/libtock.a(sys.o)
 .text._fstat   0x0000000000000000        0xa /home/tock/libtock-c/libtock/build/cortex-m0/libtock.a(sys.o)
 .text._lseek   0x0000000000000000        0x4 /home/tock/libtock-c/libtock/build/cortex-m0/libtock.a(sys.o)
 .text._read    0x0000000000000000        0x4 /home/tock/libtock-c/libtock/build/cortex-m0/libtock.a(sys.o)
 .text._exit    0x0000000000000000        0x2 /home/tock/libtock-c/libtock/build/cortex-m0/libtock.a(sys.o)
 .text._getpid  0x0000000000000000        0x4 /home/tock/libtock-c/libtock/build/cortex-m0/libtock.a(sys.o)
 .text._kill    0x0000000000000000        0x6 /home/tock/libtock-c/libtock/build/cortex-m0/libtock.a(sys.o)
 .text._sbrk    0x0000000000000000       0x1e /home/tock/libtock-c/libtock/build/cortex-m0/libtock.a(sys.o)
 .text          0x0000000000000000        0x0 /home/tock/libtock-c/libtock/build/cortex-m0/libtock.a(console.o)
 .text.getnstr_cb
                0x0000000000000000       0x18 /home/tock/libtock-c/libtock/build/cortex-m0/libtock.a(console.o)
 .text.putnstr_async
                0x0000000000000000       0x36 /home/tock/libtock-c/libtock/build/cortex-m0/libtock.a(console.o)
 .text.putnstr  0x0000000000000000       0xa0 /home/tock/libtock-c/libtock/build/cortex-m0/libtock.a(console.o)
 .text.putstr_cb
                0x0000000000000000       0x48 /home/tock/libtock-c/libtock/build/cortex-m0/libtock.a(console.o)
 .text.getnstr_async
                0x0000000000000000       0x36 /home/tock/libtock-c/libtock/build/cortex-m0/libtock.a(console.o)
 .text.getnstr  0x0000000000000000       0x40 /home/tock/libtock-c/libtock/build/cortex-m0/libtock.a(console.o)
 .text.getch    0x0000000000000000       0x1c /home/tock/libtock-c/libtock/build/cortex-m0/libtock.a(console.o)
 .text.getnstr_abort
                0x0000000000000000       0x10 /home/tock/libtock-c/libtock/build/cortex-m0/libtock.a(console.o)
 .text          0x0000000000000000        0x0 /home/tock/libtock-c/newlib/cortex-m/libc.a(lib_a-errno.o)
 .text.__errno  0x0000000000000000       0x18 /home/tock/libtock-c/newlib/cortex-m/libc.a(lib_a-errno.o)
 .text          0x0000000000000000        0x0 /home/tock/libtock-c/newlib/cortex-m/libc.a(lib_a-strncpy.o)
 .text.strncpy  0x0000000000000000       0x2a /home/tock/libtock-c/newlib/cortex-m/libc.a(lib_a-strncpy.o)

Memory Configuration

Name             Origin             Length             Attributes
FLASH            0x0000000080000000 0x0000000000040000 xr
SRAM             0x0000000000000000 0x0000000000010000 xrw
*default*        0x0000000000000000 0xffffffffffffffff

Linker script and memory map

                0x0000000000000800                STACK_SIZE = 0x800
                0x0000000000000400                APP_HEAP_SIZE = 0x400
                0x0000000000000400                KERNEL_HEAP_SIZE = 0x400
START GROUP
LOAD build/cortex-m0/main.o
LOAD /home/tock/libtock-c/libtock/build/cortex-m0/libtock.a
LOAD /home/tock/libtock-c/newlib/cortex-m/libc.a
LOAD /home/tock/libtock-c/newlib/cortex-m/libm.a
LOAD /home/tock/libtock-c/libc++/cortex-m/libstdc++.a
LOAD /home/tock/libtock-c/libc++/cortex-m/libsupc++.a
LOAD /home/tock/libtock-c/libc++/cortex-m/libgcc.a
END GROUP
                0x0000000000040000                PROG_LENGTH = 0x40000
                0x0000000000010000                RAM_LENGTH = 0x10000

.crt0_header    0x0000000080000000       0x28
                0x0000000080000000                _beginning = .
                0x0000000080000000        0x4 LONG 0x2a8 (LOADADDR (.got) - _beginning)
                0x0000000080000004        0x4 LONG 0x0 _got
                0x0000000080000008        0x4 LONG 0x20 SIZEOF (.got)
                0x000000008000000c        0x4 LONG 0x2c8 (LOADADDR (.data) - _beginning)
                0x0000000080000010        0x4 LONG 0x20 _data
                0x0000000080000014        0x4 LONG 0x70 SIZEOF (.data)
                0x0000000080000018        0x4 LONG 0x90 _bss
                0x000000008000001c        0x4 LONG 0x160 SIZEOF (.bss)
                0x0000000080000020        0x4 LONG 0x338 (LOADADDR (.endflash) - _beginning)
                0x0000000080000024        0x4 LONG 0x800 STACK_SIZE

.wfr.app_state  0x0000000080000028        0x0
 *(.app_state)
                0x0000000080000028                . = ALIGN (0x4)

.text           0x0000000080000028      0x280
                0x0000000080000028                . = ALIGN (0x4)
                0x0000000080000028                _text = .
 *(.start)
 .start         0x0000000080000028       0x3e /home/tock/libtock-c/libtock/build/cortex-m0/libtock.a(crt0.o)
                0x0000000080000028                _start
 *(.text*)
 *fill*         0x0000000080000066        0x2 ff
 .text.ipc_callback
                0x0000000080000068       0x4c build/cortex-m0/main.o
 .text.startup.main
                0x00000000800000b4       0x2c build/cortex-m0/main.o
                0x00000000800000b4                main
 .text.led_count
                0x00000000800000e0       0x10 /home/tock/libtock-c/libtock/build/cortex-m0/libtock.a(led.o)
                0x00000000800000e0                led_count
 .text.led_on   0x00000000800000f0       0x10 /home/tock/libtock-c/libtock/build/cortex-m0/libtock.a(led.o)
                0x00000000800000f0                led_on
 .text.led_off  0x0000000080000100       0x10 /home/tock/libtock-c/libtock/build/cortex-m0/libtock.a(led.o)
                0x0000000080000100                led_off
 .text._c_start
                0x0000000080000110       0x8a /home/tock/libtock-c/libtock/build/cortex-m0/libtock.a(crt0.o)
                0x0000000080000110                _c_start
 *fill*         0x000000008000019a        0x2 ff
 .text.yield    0x000000008000019c       0x5c /home/tock/libtock-c/libtock/build/cortex-m0/libtock.a(tock.o)
                0x000000008000019c                yield
 .text.subscribe
                0x00000000800001f8        0x4 /home/tock/libtock-c/libtock/build/cortex-m0/libtock.a(tock.o)
                0x00000000800001f8                subscribe
 .text.command  0x00000000800001fc        0x4 /home/tock/libtock-c/libtock/build/cortex-m0/libtock.a(tock.o)
                0x00000000800001fc                command
 .text.ipc_register_svc
                0x0000000080000200       0x12 /home/tock/libtock-c/libtock/build/cortex-m0/libtock.a(ipc.o)
                0x0000000080000200                ipc_register_svc
 .text.ipc_notify_client
                0x0000000080000212       0x12 /home/tock/libtock-c/libtock/build/cortex-m0/libtock.a(ipc.o)
                0x0000000080000212                ipc_notify_client
 .text.memcpy   0x0000000080000224       0x12 /home/tock/libtock-c/newlib/cortex-m/libc.a(lib_a-memcpy-stub.o)
                0x0000000080000224                memcpy
 .text.memset   0x0000000080000236       0x10 /home/tock/libtock-c/newlib/cortex-m/libc.a(lib_a-memset.o)
                0x0000000080000236                memset
 *(.rodata*)
 *fill*         0x0000000080000246        0x2 ff
 .rodata.__sf_fake_stderr
                0x0000000080000248       0x20 /home/tock/libtock-c/newlib/cortex-m/libc.a(lib_a-findfp.o)
                0x0000000080000248                __sf_fake_stderr
 .rodata.__sf_fake_stdin
                0x0000000080000268       0x20 /home/tock/libtock-c/newlib/cortex-m/libc.a(lib_a-findfp.o)
                0x0000000080000268                __sf_fake_stdin
 .rodata.__sf_fake_stdout
                0x0000000080000288       0x20 /home/tock/libtock-c/newlib/cortex-m/libc.a(lib_a-findfp.o)
                0x0000000080000288                __sf_fake_stdout
 *(.syscalls)
                0x00000000800002a8                _etext = .
 *(.ARM.extab*)
                0x00000000800002a8                . = ALIGN (0x4)

.glue_7         0x00000000800002a8        0x0
 .glue_7        0x00000000800002a8        0x0 linker stubs

.glue_7t        0x00000000800002a8        0x0
 .glue_7t       0x00000000800002a8        0x0 linker stubs

.vfp11_veneer   0x00000000800002a8        0x0
 .vfp11_veneer  0x00000000800002a8        0x0 linker stubs

.v4_bx          0x00000000800002a8        0x0
 .v4_bx         0x00000000800002a8        0x0 linker stubs

.iplt           0x00000000800002a8        0x0
 .iplt          0x00000000800002a8        0x0 build/cortex-m0/main.o

.rel.dyn        0x00000000800002a8        0x0
 .rel.iplt      0x00000000800002a8        0x0 build/cortex-m0/main.o
 .rel.got       0x00000000800002a8        0x0 build/cortex-m0/main.o

.got            0x0000000000000000       0x20 load address 0x00000000800002a8
                0x0000000000000000                . = ALIGN (0x4)
                0x0000000000000000                _got = .
 *(.got*)
 .got           0x0000000000000000       0x14 build/cortex-m0/main.o
 .got.plt       0x0000000000000014        0xc build/cortex-m0/main.o
                0x0000000000000014                _GLOBAL_OFFSET_TABLE_
 *(.got.plt*)
                0x0000000000000020                . = ALIGN (0x4)

.data           0x0000000000000020       0x70 load address 0x00000000800002c8
                0x0000000000000020                . = ALIGN (0x4)
                0x0000000000000020                _data = .
 *(.data*)
 .data          0x0000000000000020        0x0 build/cortex-m0/main.o
 .data          0x0000000000000020        0x0 /home/tock/libtock-c/libtock/build/cortex-m0/libtock.a(led.o)
 .data          0x0000000000000020        0x0 /home/tock/libtock-c/libtock/build/cortex-m0/libtock.a(crt0.o)
 .data          0x0000000000000020        0x0 /home/tock/libtock-c/libtock/build/cortex-m0/libtock.a(tock.o)
 .data          0x0000000000000020        0x0 /home/tock/libtock-c/libtock/build/cortex-m0/libtock.a(ipc.o)
 .data          0x0000000000000020        0x0 /home/tock/libtock-c/newlib/cortex-m/libc.a(lib_a-exit.o)
 .data          0x0000000000000020        0x0 /home/tock/libtock-c/newlib/cortex-m/libc.a(lib_a-impure.o)
 .data.rel.impure_data
                0x0000000000000020       0x60 /home/tock/libtock-c/newlib/cortex-m/libc.a(lib_a-impure.o)
 .data.rel.local._impure_ptr
                0x0000000000000080        0x4 /home/tock/libtock-c/newlib/cortex-m/libc.a(lib_a-impure.o)
                0x0000000000000080                _impure_ptr
 .data.rel.ro.local._global_impure_ptr
                0x0000000000000084        0x4 /home/tock/libtock-c/newlib/cortex-m/libc.a(lib_a-impure.o)
                0x0000000000000084                _global_impure_ptr
 .data          0x0000000000000088        0x0 /home/tock/libtock-c/newlib/cortex-m/libc.a(lib_a-malloc.o)
 .data          0x0000000000000088        0x0 /home/tock/libtock-c/newlib/cortex-m/libc.a(lib_a-memcpy-stub.o)
 .data          0x0000000000000088        0x0 /home/tock/libtock-c/newlib/cortex-m/libc.a(lib_a-memset.o)
 .data          0x0000000000000088        0x0 /home/tock/libtock-c/newlib/cortex-m/libc.a(lib_a-nano-freer.o)
 .data          0x0000000000000088        0x0 /home/tock/libtock-c/newlib/cortex-m/libc.a(lib_a-nano-mallocr.o)
 .data          0x0000000000000088        0x0 /home/tock/libtock-c/newlib/cortex-m/libc.a(lib_a-printf.o)
 .data          0x0000000000000088        0x0 /home/tock/libtock-c/newlib/cortex-m/libc.a(lib_a-sbrkr.o)
 .data          0x0000000000000088        0x0 /home/tock/libtock-c/newlib/cortex-m/libc.a(lib_a-strlen.o)
 .data          0x0000000000000088        0x0 /home/tock/libtock-c/newlib/cortex-m/libc.a(lib_a-findfp.o)
 .data          0x0000000000000088        0x0 /home/tock/libtock-c/newlib/cortex-m/libc.a(lib_a-fwalk.o)
 .data          0x0000000000000088        0x0 /home/tock/libtock-c/newlib/cortex-m/libc.a(lib_a-mlock.o)
 .data          0x0000000000000088        0x0 /home/tock/libtock-c/newlib/cortex-m/libc.a(lib_a-nano-vfprintf.o)
 .data          0x0000000000000088        0x0 /home/tock/libtock-c/newlib/cortex-m/libc.a(lib_a-reent.o)
 .data          0x0000000000000088        0x0 /home/tock/libtock-c/newlib/cortex-m/libc.a(lib_a-stdio.o)
 .data          0x0000000000000088        0x0 /home/tock/libtock-c/newlib/cortex-m/libc.a(lib_a-wbuf.o)
 .data          0x0000000000000088        0x0 /home/tock/libtock-c/newlib/cortex-m/libc.a(lib_a-writer.o)
 .data          0x0000000000000088        0x0 /home/tock/libtock-c/newlib/cortex-m/libc.a(lib_a-wsetup.o)
 .data          0x0000000000000088        0x0 /home/tock/libtock-c/newlib/cortex-m/libc.a(lib_a-closer.o)
 .data          0x0000000000000088        0x0 /home/tock/libtock-c/newlib/cortex-m/libc.a(lib_a-fflush.o)
 .data          0x0000000000000088        0x0 /home/tock/libtock-c/newlib/cortex-m/libc.a(lib_a-fvwrite.o)
 .data          0x0000000000000088        0x0 /home/tock/libtock-c/newlib/cortex-m/libc.a(lib_a-lseekr.o)
 .data          0x0000000000000088        0x0 /home/tock/libtock-c/newlib/cortex-m/libc.a(lib_a-makebuf.o)
 .data          0x0000000000000088        0x0 /home/tock/libtock-c/newlib/cortex-m/libc.a(lib_a-memchr-stub.o)
 .data          0x0000000000000088        0x0 /home/tock/libtock-c/newlib/cortex-m/libc.a(lib_a-memmove.o)
 .data          0x0000000000000088        0x0 /home/tock/libtock-c/newlib/cortex-m/libc.a(lib_a-nano-reallocr.o)
 .data          0x0000000000000088        0x0 /home/tock/libtock-c/newlib/cortex-m/libc.a(lib_a-nano-vfprintf_i.o)
 .data          0x0000000000000088        0x0 /home/tock/libtock-c/newlib/cortex-m/libc.a(lib_a-readr.o)
 .data          0x0000000000000088        0x0 /home/tock/libtock-c/newlib/cortex-m/libc.a(lib_a-fstatr.o)
 .data          0x0000000000000088        0x0 /home/tock/libtock-c/newlib/cortex-m/libc.a(lib_a-isattyr.o)
 .data          0x0000000000000088        0x0 /home/tock/libtock-c/newlib/cortex-m/libc.a(lib_a-nano-msizer.o)
 .data          0x0000000000000088        0x0 /home/tock/libtock-c/libc++/cortex-m/libgcc.a(_thumb1_case_uqi.o)
 .data          0x0000000000000088        0x0 /home/tock/libtock-c/libc++/cortex-m/libgcc.a(_udivsi3.o)
 .data          0x0000000000000088        0x0 /home/tock/libtock-c/libc++/cortex-m/libgcc.a(_divsi3.o)
 .data          0x0000000000000088        0x0 /home/tock/libtock-c/libc++/cortex-m/libgcc.a(_dvmd_tls.o)
 .data          0x0000000000000088        0x0 /home/tock/libtock-c/libtock/build/cortex-m0/libtock.a(sys.o)
 .data          0x0000000000000088        0x0 /home/tock/libtock-c/libtock/build/cortex-m0/libtock.a(console.o)
 .data.getnstr_data
                0x0000000000000088        0x8 /home/tock/libtock-c/libtock/build/cortex-m0/libtock.a(console.o)
 .data          0x0000000000000090        0x0 /home/tock/libtock-c/newlib/cortex-m/libc.a(lib_a-errno.o)
 .data          0x0000000000000090        0x0 /home/tock/libtock-c/newlib/cortex-m/libc.a(lib_a-strncpy.o)
                0x0000000000000090                . = ALIGN (0x4)

.igot.plt       0x0000000000000090        0x0 load address 0x0000000080000338
 .igot.plt      0x0000000000000090        0x0 build/cortex-m0/main.o

.bss            0x0000000000000090      0x160 load address 0x0000000080000338
                0x0000000000000090                . = ALIGN (0x4)
                0x0000000000000090                _bss = .
 *(.bss*)
 .bss           0x0000000000000090        0x0 build/cortex-m0/main.o
 .bss._number_of_leds
                0x0000000000000090        0x1 build/cortex-m0/main.o
                0x0000000000000090                _number_of_leds
 .bss           0x0000000000000091        0x0 /home/tock/libtock-c/libtock/build/cortex-m0/libtock.a(led.o)
 .bss           0x0000000000000091        0x0 /home/tock/libtock-c/libtock/build/cortex-m0/libtock.a(crt0.o)
 .bss           0x0000000000000091        0x0 /home/tock/libtock-c/libtock/build/cortex-m0/libtock.a(tock.o)
 *fill*         0x0000000000000091        0x3 
 .bss.task_cur  0x0000000000000094        0x4 /home/tock/libtock-c/libtock/build/cortex-m0/libtock.a(tock.o)
 .bss.task_last
                0x0000000000000098        0x4 /home/tock/libtock-c/libtock/build/cortex-m0/libtock.a(tock.o)
 .bss.task_queue
                0x000000000000009c      0x140 /home/tock/libtock-c/libtock/build/cortex-m0/libtock.a(tock.o)
 .bss           0x00000000000001dc        0x0 /home/tock/libtock-c/libtock/build/cortex-m0/libtock.a(ipc.o)
 .bss           0x00000000000001dc        0x0 /home/tock/libtock-c/newlib/cortex-m/libc.a(lib_a-exit.o)
 .bss           0x00000000000001dc        0x0 /home/tock/libtock-c/newlib/cortex-m/libc.a(lib_a-impure.o)
 .bss           0x00000000000001dc        0x0 /home/tock/libtock-c/newlib/cortex-m/libc.a(lib_a-malloc.o)
 .bss           0x00000000000001dc        0x0 /home/tock/libtock-c/newlib/cortex-m/libc.a(lib_a-memcpy-stub.o)
 .bss           0x00000000000001dc        0x0 /home/tock/libtock-c/newlib/cortex-m/libc.a(lib_a-memset.o)
 .bss           0x00000000000001dc        0x0 /home/tock/libtock-c/newlib/cortex-m/libc.a(lib_a-nano-freer.o)
 .bss           0x00000000000001dc        0x0 /home/tock/libtock-c/newlib/cortex-m/libc.a(lib_a-nano-mallocr.o)
 .bss.__malloc_free_list
                0x00000000000001dc        0x4 /home/tock/libtock-c/newlib/cortex-m/libc.a(lib_a-nano-mallocr.o)
                0x00000000000001dc                __malloc_free_list
 .bss.__malloc_sbrk_start
                0x00000000000001e0        0x4 /home/tock/libtock-c/newlib/cortex-m/libc.a(lib_a-nano-mallocr.o)
                0x00000000000001e0                __malloc_sbrk_start
 .bss           0x00000000000001e4        0x0 /home/tock/libtock-c/newlib/cortex-m/libc.a(lib_a-printf.o)
 .bss           0x00000000000001e4        0x0 /home/tock/libtock-c/newlib/cortex-m/libc.a(lib_a-sbrkr.o)
 .bss           0x00000000000001e4        0x0 /home/tock/libtock-c/newlib/cortex-m/libc.a(lib_a-strlen.o)
 .bss           0x00000000000001e4        0x0 /home/tock/libtock-c/newlib/cortex-m/libc.a(lib_a-findfp.o)
 .bss           0x00000000000001e4        0x0 /home/tock/libtock-c/newlib/cortex-m/libc.a(lib_a-fwalk.o)
 .bss           0x00000000000001e4        0x0 /home/tock/libtock-c/newlib/cortex-m/libc.a(lib_a-mlock.o)
 .bss           0x00000000000001e4        0x0 /home/tock/libtock-c/newlib/cortex-m/libc.a(lib_a-nano-vfprintf.o)
 .bss           0x00000000000001e4        0x0 /home/tock/libtock-c/newlib/cortex-m/libc.a(lib_a-reent.o)
 .bss           0x00000000000001e4        0x0 /home/tock/libtock-c/newlib/cortex-m/libc.a(lib_a-stdio.o)
 .bss           0x00000000000001e4        0x0 /home/tock/libtock-c/newlib/cortex-m/libc.a(lib_a-wbuf.o)
 .bss           0x00000000000001e4        0x0 /home/tock/libtock-c/newlib/cortex-m/libc.a(lib_a-writer.o)
 .bss           0x00000000000001e4        0x0 /home/tock/libtock-c/newlib/cortex-m/libc.a(lib_a-wsetup.o)
 .bss           0x00000000000001e4        0x0 /home/tock/libtock-c/newlib/cortex-m/libc.a(lib_a-closer.o)
 .bss           0x00000000000001e4        0x0 /home/tock/libtock-c/newlib/cortex-m/libc.a(lib_a-fflush.o)
 .bss           0x00000000000001e4        0x0 /home/tock/libtock-c/newlib/cortex-m/libc.a(lib_a-fvwrite.o)
 .bss           0x00000000000001e4        0x0 /home/tock/libtock-c/newlib/cortex-m/libc.a(lib_a-lseekr.o)
 .bss           0x00000000000001e4        0x0 /home/tock/libtock-c/newlib/cortex-m/libc.a(lib_a-makebuf.o)
 .bss           0x00000000000001e4        0x0 /home/tock/libtock-c/newlib/cortex-m/libc.a(lib_a-memchr-stub.o)
 .bss           0x00000000000001e4        0x0 /home/tock/libtock-c/newlib/cortex-m/libc.a(lib_a-memmove.o)
 .bss           0x00000000000001e4        0x0 /home/tock/libtock-c/newlib/cortex-m/libc.a(lib_a-nano-reallocr.o)
 .bss           0x00000000000001e4        0x0 /home/tock/libtock-c/newlib/cortex-m/libc.a(lib_a-nano-vfprintf_i.o)
 .bss           0x00000000000001e4        0x0 /home/tock/libtock-c/newlib/cortex-m/libc.a(lib_a-readr.o)
 .bss           0x00000000000001e4        0x0 /home/tock/libtock-c/newlib/cortex-m/libc.a(lib_a-fstatr.o)
 .bss           0x00000000000001e4        0x0 /home/tock/libtock-c/newlib/cortex-m/libc.a(lib_a-isattyr.o)
 .bss           0x00000000000001e4        0x0 /home/tock/libtock-c/newlib/cortex-m/libc.a(lib_a-nano-msizer.o)
 .bss           0x00000000000001e4        0x0 /home/tock/libtock-c/libc++/cortex-m/libgcc.a(_thumb1_case_uqi.o)
 .bss           0x00000000000001e4        0x0 /home/tock/libtock-c/libc++/cortex-m/libgcc.a(_udivsi3.o)
 .bss           0x00000000000001e4        0x0 /home/tock/libtock-c/libc++/cortex-m/libgcc.a(_divsi3.o)
 .bss           0x00000000000001e4        0x0 /home/tock/libtock-c/libc++/cortex-m/libgcc.a(_dvmd_tls.o)
 .bss           0x00000000000001e4        0x0 /home/tock/libtock-c/libtock/build/cortex-m0/libtock.a(sys.o)
 .bss.__dso_handle
                0x00000000000001e4        0x4 /home/tock/libtock-c/libtock/build/cortex-m0/libtock.a(sys.o)
                0x00000000000001e4                __dso_handle
 .bss           0x00000000000001e8        0x0 /home/tock/libtock-c/libtock/build/cortex-m0/libtock.a(console.o)
 .bss.putstr_head
                0x00000000000001e8        0x4 /home/tock/libtock-c/libtock/build/cortex-m0/libtock.a(console.o)
 .bss.putstr_tail
                0x00000000000001ec        0x4 /home/tock/libtock-c/libtock/build/cortex-m0/libtock.a(console.o)
 .bss           0x00000000000001f0        0x0 /home/tock/libtock-c/newlib/cortex-m/libc.a(lib_a-errno.o)
 .bss           0x00000000000001f0        0x0 /home/tock/libtock-c/newlib/cortex-m/libc.a(lib_a-strncpy.o)
 *(COMMON)
                0x00000000000001f0                . = ALIGN (0x4)

.endflash       0x0000000080000338        0x0
                [!provide]                        PROVIDE (__exidx_start = .)

.ARM.exidx
 *(.ARM.exidx* .gnu.linkonce.armexidx.*)
                [!provide]                        PROVIDE (__exidx_end = .)
                0x0000000000000001                ASSERT ((_got <= _bss), 
The GOT section must be before the BSS section for crt0 setup to be correct.)
                0x0000000000000001                ASSERT ((_data <= _bss), 
The data section must be before the BSS section for crt0 setup to be correct.)
OUTPUT(build/cortex-m0/cortex-m0.elf elf32-littlearm)

.GCC.command.line
                0x0000000000000000      0x728
 .GCC.command.line
                0x0000000000000000      0x49d build/cortex-m0/main.o
 .GCC.command.line
                0x000000000000049d      0x11c /home/tock/libtock-c/libtock/build/cortex-m0/libtock.a(led.o)
                                        0x44e (size before relaxing)
 .GCC.command.line
                0x00000000000005b9       0x49 /home/tock/libtock-c/libtock/build/cortex-m0/libtock.a(crt0.o)
                                        0x450 (size before relaxing)
 .GCC.command.line
                0x0000000000000602       0x49 /home/tock/libtock-c/libtock/build/cortex-m0/libtock.a(tock.o)
                                        0x450 (size before relaxing)
 .GCC.command.line
                0x000000000000064b       0x47 /home/tock/libtock-c/libtock/build/cortex-m0/libtock.a(ipc.o)
                                        0x44e (size before relaxing)
 .GCC.command.line
                0x0000000000000692       0x47 /home/tock/libtock-c/libtock/build/cortex-m0/libtock.a(sys.o)
                                        0x44e (size before relaxing)
 .GCC.command.line
                0x00000000000006d9       0x4f /home/tock/libtock-c/libtock/build/cortex-m0/libtock.a(console.o)
                                        0x456 (size before relaxing)

.comment        0x0000000000000000       0xa5
 .comment       0x0000000000000000       0x7f build/cortex-m0/main.o
                                         0x80 (size before relaxing)
 .comment       0x000000000000007f       0x80 /home/tock/libtock-c/libtock/build/cortex-m0/libtock.a(led.o)
 .comment       0x000000000000007f       0x80 /home/tock/libtock-c/libtock/build/cortex-m0/libtock.a(crt0.o)
 .comment       0x000000000000007f       0x80 /home/tock/libtock-c/libtock/build/cortex-m0/libtock.a(tock.o)
 .comment       0x000000000000007f       0x80 /home/tock/libtock-c/libtock/build/cortex-m0/libtock.a(ipc.o)
 .comment       0x000000000000007f       0x26 /home/tock/libtock-c/newlib/cortex-m/libc.a(lib_a-exit.o)
                                         0x27 (size before relaxing)
 .comment       0x00000000000000a5       0x27 /home/tock/libtock-c/newlib/cortex-m/libc.a(lib_a-impure.o)
 .comment       0x00000000000000a5       0x27 /home/tock/libtock-c/newlib/cortex-m/libc.a(lib_a-malloc.o)
 .comment       0x00000000000000a5       0x27 /home/tock/libtock-c/newlib/cortex-m/libc.a(lib_a-memcpy-stub.o)
 .comment       0x00000000000000a5       0x27 /home/tock/libtock-c/newlib/cortex-m/libc.a(lib_a-memset.o)
 .comment       0x00000000000000a5       0x27 /home/tock/libtock-c/newlib/cortex-m/libc.a(lib_a-nano-freer.o)
 .comment       0x00000000000000a5       0x27 /home/tock/libtock-c/newlib/cortex-m/libc.a(lib_a-nano-mallocr.o)
 .comment       0x00000000000000a5       0x27 /home/tock/libtock-c/newlib/cortex-m/libc.a(lib_a-printf.o)
 .comment       0x00000000000000a5       0x27 /home/tock/libtock-c/newlib/cortex-m/libc.a(lib_a-sbrkr.o)
 .comment       0x00000000000000a5       0x27 /home/tock/libtock-c/newlib/cortex-m/libc.a(lib_a-findfp.o)
 .comment       0x00000000000000a5       0x27 /home/tock/libtock-c/newlib/cortex-m/libc.a(lib_a-fwalk.o)
 .comment       0x00000000000000a5       0x27 /home/tock/libtock-c/newlib/cortex-m/libc.a(lib_a-mlock.o)
 .comment       0x00000000000000a5       0x27 /home/tock/libtock-c/newlib/cortex-m/libc.a(lib_a-nano-vfprintf.o)
 .comment       0x00000000000000a5       0x27 /home/tock/libtock-c/newlib/cortex-m/libc.a(lib_a-reent.o)
 .comment       0x00000000000000a5       0x27 /home/tock/libtock-c/newlib/cortex-m/libc.a(lib_a-stdio.o)
 .comment       0x00000000000000a5       0x27 /home/tock/libtock-c/newlib/cortex-m/libc.a(lib_a-wbuf.o)
 .comment       0x00000000000000a5       0x27 /home/tock/libtock-c/newlib/cortex-m/libc.a(lib_a-writer.o)
 .comment       0x00000000000000a5       0x27 /home/tock/libtock-c/newlib/cortex-m/libc.a(lib_a-wsetup.o)
 .comment       0x00000000000000a5       0x27 /home/tock/libtock-c/newlib/cortex-m/libc.a(lib_a-closer.o)
 .comment       0x00000000000000a5       0x27 /home/tock/libtock-c/newlib/cortex-m/libc.a(lib_a-fflush.o)
 .comment       0x00000000000000a5       0x27 /home/tock/libtock-c/newlib/cortex-m/libc.a(lib_a-fvwrite.o)
 .comment       0x00000000000000a5       0x27 /home/tock/libtock-c/newlib/cortex-m/libc.a(lib_a-lseekr.o)
 .comment       0x00000000000000a5       0x27 /home/tock/libtock-c/newlib/cortex-m/libc.a(lib_a-makebuf.o)
 .comment       0x00000000000000a5       0x27 /home/tock/libtock-c/newlib/cortex-m/libc.a(lib_a-memchr-stub.o)
 .comment       0x00000000000000a5       0x27 /home/tock/libtock-c/newlib/cortex-m/libc.a(lib_a-memmove.o)
 .comment       0x00000000000000a5       0x27 /home/tock/libtock-c/newlib/cortex-m/libc.a(lib_a-nano-reallocr.o)
 .comment       0x00000000000000a5       0x27 /home/tock/libtock-c/newlib/cortex-m/libc.a(lib_a-nano-vfprintf_i.o)
 .comment       0x00000000000000a5       0x27 /home/tock/libtock-c/newlib/cortex-m/libc.a(lib_a-readr.o)
 .comment       0x00000000000000a5       0x27 /home/tock/libtock-c/newlib/cortex-m/libc.a(lib_a-fstatr.o)
 .comment       0x00000000000000a5       0x27 /home/tock/libtock-c/newlib/cortex-m/libc.a(lib_a-isattyr.o)
 .comment       0x00000000000000a5       0x27 /home/tock/libtock-c/newlib/cortex-m/libc.a(lib_a-nano-msizer.o)
 .comment       0x00000000000000a5       0x80 /home/tock/libtock-c/libtock/build/cortex-m0/libtock.a(sys.o)
 .comment       0x00000000000000a5       0x80 /home/tock/libtock-c/libtock/build/cortex-m0/libtock.a(console.o)
 .comment       0x00000000000000a5       0x27 /home/tock/libtock-c/newlib/cortex-m/libc.a(lib_a-errno.o)
 .comment       0x00000000000000a5       0x27 /home/tock/libtock-c/newlib/cortex-m/libc.a(lib_a-strncpy.o)

.ARM.attributes
                0x0000000000000000       0x2f
 .ARM.attributes
                0x0000000000000000       0x31 build/cortex-m0/main.o
 .ARM.attributes
                0x0000000000000031       0x31 /home/tock/libtock-c/libtock/build/cortex-m0/libtock.a(led.o)
 .ARM.attributes
                0x0000000000000062       0x31 /home/tock/libtock-c/libtock/build/cortex-m0/libtock.a(crt0.o)
 .ARM.attributes
                0x0000000000000093       0x31 /home/tock/libtock-c/libtock/build/cortex-m0/libtock.a(tock.o)
 .ARM.attributes
                0x00000000000000c4       0x31 /home/tock/libtock-c/libtock/build/cortex-m0/libtock.a(ipc.o)
 .ARM.attributes
                0x00000000000000f5       0x2c /home/tock/libtock-c/newlib/cortex-m/libc.a(lib_a-exit.o)
 .ARM.attributes
                0x0000000000000121       0x2c /home/tock/libtock-c/newlib/cortex-m/libc.a(lib_a-impure.o)
 .ARM.attributes
                0x000000000000014d       0x2c /home/tock/libtock-c/newlib/cortex-m/libc.a(lib_a-malloc.o)
 .ARM.attributes
                0x0000000000000179       0x2c /home/tock/libtock-c/newlib/cortex-m/libc.a(lib_a-memcpy-stub.o)
 .ARM.attributes
                0x00000000000001a5       0x2c /home/tock/libtock-c/newlib/cortex-m/libc.a(lib_a-memset.o)
 .ARM.attributes
                0x00000000000001d1       0x2c /home/tock/libtock-c/newlib/cortex-m/libc.a(lib_a-nano-freer.o)
 .ARM.attributes
                0x00000000000001fd       0x2c /home/tock/libtock-c/newlib/cortex-m/libc.a(lib_a-nano-mallocr.o)
 .ARM.attributes
                0x0000000000000229       0x2c /home/tock/libtock-c/newlib/cortex-m/libc.a(lib_a-printf.o)
 .ARM.attributes
                0x0000000000000255       0x2c /home/tock/libtock-c/newlib/cortex-m/libc.a(lib_a-sbrkr.o)
 .ARM.attributes
                0x0000000000000281       0x1c /home/tock/libtock-c/newlib/cortex-m/libc.a(lib_a-strlen.o)
 .ARM.attributes
                0x000000000000029d       0x2c /home/tock/libtock-c/newlib/cortex-m/libc.a(lib_a-findfp.o)
 .ARM.attributes
                0x00000000000002c9       0x2c /home/tock/libtock-c/newlib/cortex-m/libc.a(lib_a-fwalk.o)
 .ARM.attributes
                0x00000000000002f5       0x2c /home/tock/libtock-c/newlib/cortex-m/libc.a(lib_a-mlock.o)
 .ARM.attributes
                0x0000000000000321       0x2c /home/tock/libtock-c/newlib/cortex-m/libc.a(lib_a-nano-vfprintf.o)
 .ARM.attributes
                0x000000000000034d       0x2c /home/tock/libtock-c/newlib/cortex-m/libc.a(lib_a-reent.o)
 .ARM.attributes
                0x0000000000000379       0x2c /home/tock/libtock-c/newlib/cortex-m/libc.a(lib_a-stdio.o)
 .ARM.attributes
                0x00000000000003a5       0x2c /home/tock/libtock-c/newlib/cortex-m/libc.a(lib_a-wbuf.o)
 .ARM.attributes
                0x00000000000003d1       0x2c /home/tock/libtock-c/newlib/cortex-m/libc.a(lib_a-writer.o)
 .ARM.attributes
                0x00000000000003fd       0x2c /home/tock/libtock-c/newlib/cortex-m/libc.a(lib_a-wsetup.o)
 .ARM.attributes
                0x0000000000000429       0x2c /home/tock/libtock-c/newlib/cortex-m/libc.a(lib_a-closer.o)
 .ARM.attributes
                0x0000000000000455       0x2c /home/tock/libtock-c/newlib/cortex-m/libc.a(lib_a-fflush.o)
 .ARM.attributes
                0x0000000000000481       0x2c /home/tock/libtock-c/newlib/cortex-m/libc.a(lib_a-fvwrite.o)
 .ARM.attributes
                0x00000000000004ad       0x2c /home/tock/libtock-c/newlib/cortex-m/libc.a(lib_a-lseekr.o)
 .ARM.attributes
                0x00000000000004d9       0x2c /home/tock/libtock-c/newlib/cortex-m/libc.a(lib_a-makebuf.o)
 .ARM.attributes
                0x0000000000000505       0x2c /home/tock/libtock-c/newlib/cortex-m/libc.a(lib_a-memchr-stub.o)
 .ARM.attributes
                0x0000000000000531       0x2c /home/tock/libtock-c/newlib/cortex-m/libc.a(lib_a-memmove.o)
 .ARM.attributes
                0x000000000000055d       0x2c /home/tock/libtock-c/newlib/cortex-m/libc.a(lib_a-nano-reallocr.o)
 .ARM.attributes
                0x0000000000000589       0x2c /home/tock/libtock-c/newlib/cortex-m/libc.a(lib_a-nano-vfprintf_i.o)
 .ARM.attributes
                0x00000000000005b5       0x2c /home/tock/libtock-c/newlib/cortex-m/libc.a(lib_a-readr.o)
 .ARM.attributes
                0x00000000000005e1       0x2c /home/tock/libtock-c/newlib/cortex-m/libc.a(lib_a-fstatr.o)
 .ARM.attributes
                0x000000000000060d       0x2c /home/tock/libtock-c/newlib/cortex-m/libc.a(lib_a-isattyr.o)
 .ARM.attributes
                0x0000000000000639       0x2c /home/tock/libtock-c/newlib/cortex-m/libc.a(lib_a-nano-msizer.o)
 .ARM.attributes
                0x0000000000000665       0x23 /home/tock/libtock-c/libc++/cortex-m/libgcc.a(_thumb1_case_uqi.o)
 .ARM.attributes
                0x0000000000000688       0x23 /home/tock/libtock-c/libc++/cortex-m/libgcc.a(_udivsi3.o)
 .ARM.attributes
                0x00000000000006ab       0x23 /home/tock/libtock-c/libc++/cortex-m/libgcc.a(_divsi3.o)
 .ARM.attributes
                0x00000000000006ce       0x23 /home/tock/libtock-c/libc++/cortex-m/libgcc.a(_dvmd_tls.o)
 .ARM.attributes
                0x00000000000006f1       0x31 /home/tock/libtock-c/libtock/build/cortex-m0/libtock.a(sys.o)
 .ARM.attributes
                0x0000000000000722       0x31 /home/tock/libtock-c/libtock/build/cortex-m0/libtock.a(console.o)
 .ARM.attributes
                0x0000000000000753       0x2c /home/tock/libtock-c/newlib/cortex-m/libc.a(lib_a-errno.o)
 .ARM.attributes
                0x000000000000077f       0x2c /home/tock/libtock-c/newlib/cortex-m/libc.a(lib_a-strncpy.o)

.debug_info     0x0000000000000000    0x1e12d
 .debug_info    0x0000000000000000      0xb41 build/cortex-m0/main.o
 .debug_info    0x0000000000000b41      0xb01 /home/tock/libtock-c/libtock/build/cortex-m0/libtock.a(led.o)
 .debug_info    0x0000000000001642      0xc6f /home/tock/libtock-c/libtock/build/cortex-m0/libtock.a(crt0.o)
 .debug_info    0x00000000000022b1     0x10e5 /home/tock/libtock-c/libtock/build/cortex-m0/libtock.a(tock.o)
 .debug_info    0x0000000000003396      0xd21 /home/tock/libtock-c/libtock/build/cortex-m0/libtock.a(ipc.o)
 .debug_info    0x00000000000040b7      0x959 /home/tock/libtock-c/newlib/cortex-m/libc.a(lib_a-exit.o)
 .debug_info    0x0000000000004a10      0x8ab /home/tock/libtock-c/newlib/cortex-m/libc.a(lib_a-impure.o)
 .debug_info    0x00000000000052bb      0x928 /home/tock/libtock-c/newlib/cortex-m/libc.a(lib_a-malloc.o)
 .debug_info    0x0000000000005be3      0x916 /home/tock/libtock-c/newlib/cortex-m/libc.a(lib_a-memcpy-stub.o)
 .debug_info    0x00000000000064f9      0xde0 /home/tock/libtock-c/newlib/cortex-m/libc.a(lib_a-memset.o)
 .debug_info    0x00000000000072d9      0xb0c /home/tock/libtock-c/newlib/cortex-m/libc.a(lib_a-nano-freer.o)
 .debug_info    0x0000000000007de5      0xbb2 /home/tock/libtock-c/newlib/cortex-m/libc.a(lib_a-nano-mallocr.o)
 .debug_info    0x0000000000008997      0xbbb /home/tock/libtock-c/newlib/cortex-m/libc.a(lib_a-printf.o)
 .debug_info    0x0000000000009552      0x960 /home/tock/libtock-c/newlib/cortex-m/libc.a(lib_a-sbrkr.o)
 .debug_info    0x0000000000009eb2       0xf6 /home/tock/libtock-c/newlib/cortex-m/libc.a(lib_a-strlen.o)
 .debug_info    0x0000000000009fa8      0xf6d /home/tock/libtock-c/newlib/cortex-m/libc.a(lib_a-findfp.o)
 .debug_info    0x000000000000af15      0xbd6 /home/tock/libtock-c/newlib/cortex-m/libc.a(lib_a-fwalk.o)
 .debug_info    0x000000000000baeb      0x8de /home/tock/libtock-c/newlib/cortex-m/libc.a(lib_a-mlock.o)
 .debug_info    0x000000000000c3c9     0x15cc /home/tock/libtock-c/newlib/cortex-m/libc.a(lib_a-nano-vfprintf.o)
 .debug_info    0x000000000000d995      0xa67 /home/tock/libtock-c/newlib/cortex-m/libc.a(lib_a-reent.o)
 .debug_info    0x000000000000e3fc      0xd5b /home/tock/libtock-c/newlib/cortex-m/libc.a(lib_a-stdio.o)
 .debug_info    0x000000000000f157      0xbdb /home/tock/libtock-c/newlib/cortex-m/libc.a(lib_a-wbuf.o)
 .debug_info    0x000000000000fd32      0x9a3 /home/tock/libtock-c/newlib/cortex-m/libc.a(lib_a-writer.o)
 .debug_info    0x00000000000106d5      0xb53 /home/tock/libtock-c/newlib/cortex-m/libc.a(lib_a-wsetup.o)
 .debug_info    0x0000000000011228      0x956 /home/tock/libtock-c/newlib/cortex-m/libc.a(lib_a-closer.o)
 .debug_info    0x0000000000011b7e      0xc9b /home/tock/libtock-c/newlib/cortex-m/libc.a(lib_a-fflush.o)
 .debug_info    0x0000000000012819      0xe14 /home/tock/libtock-c/newlib/cortex-m/libc.a(lib_a-fvwrite.o)
 .debug_info    0x000000000001362d      0x986 /home/tock/libtock-c/newlib/cortex-m/libc.a(lib_a-lseekr.o)
 .debug_info    0x0000000000013fb3      0xe3f /home/tock/libtock-c/newlib/cortex-m/libc.a(lib_a-makebuf.o)
 .debug_info    0x0000000000014df2      0x908 /home/tock/libtock-c/newlib/cortex-m/libc.a(lib_a-memchr-stub.o)
 .debug_info    0x00000000000156fa      0xdfe /home/tock/libtock-c/newlib/cortex-m/libc.a(lib_a-memmove.o)
 .debug_info    0x00000000000164f8      0xabe /home/tock/libtock-c/newlib/cortex-m/libc.a(lib_a-nano-reallocr.o)
 .debug_info    0x0000000000016fb6     0x1447 /home/tock/libtock-c/newlib/cortex-m/libc.a(lib_a-nano-vfprintf_i.o)
 .debug_info    0x00000000000183fd      0x99c /home/tock/libtock-c/newlib/cortex-m/libc.a(lib_a-readr.o)
 .debug_info    0x0000000000018d99      0xb68 /home/tock/libtock-c/newlib/cortex-m/libc.a(lib_a-fstatr.o)
 .debug_info    0x0000000000019901      0x956 /home/tock/libtock-c/newlib/cortex-m/libc.a(lib_a-isattyr.o)
 .debug_info    0x000000000001a257      0xa02 /home/tock/libtock-c/newlib/cortex-m/libc.a(lib_a-nano-msizer.o)
 .debug_info    0x000000000001ac59       0xae /home/tock/libtock-c/libc++/cortex-m/libgcc.a(_thumb1_case_uqi.o)
 .debug_info    0x000000000001ad07       0xae /home/tock/libtock-c/libc++/cortex-m/libgcc.a(_udivsi3.o)
 .debug_info    0x000000000001adb5       0xae /home/tock/libtock-c/libc++/cortex-m/libgcc.a(_divsi3.o)
 .debug_info    0x000000000001ae63       0xae /home/tock/libtock-c/libc++/cortex-m/libgcc.a(_dvmd_tls.o)
 .debug_info    0x000000000001af11      0xf5a /home/tock/libtock-c/libtock/build/cortex-m0/libtock.a(sys.o)
 .debug_info    0x000000000001be6b     0x10f0 /home/tock/libtock-c/libtock/build/cortex-m0/libtock.a(console.o)
 .debug_info    0x000000000001cf5b      0x8d2 /home/tock/libtock-c/newlib/cortex-m/libc.a(lib_a-errno.o)
 .debug_info    0x000000000001d82d      0x900 /home/tock/libtock-c/newlib/cortex-m/libc.a(lib_a-strncpy.o)

.debug_abbrev   0x0000000000000000     0x5419
 .debug_abbrev  0x0000000000000000      0x220 build/cortex-m0/main.o
 .debug_abbrev  0x0000000000000220      0x1c7 /home/tock/libtock-c/libtock/build/cortex-m0/libtock.a(led.o)
 .debug_abbrev  0x00000000000003e7      0x27f /home/tock/libtock-c/libtock/build/cortex-m0/libtock.a(crt0.o)
 .debug_abbrev  0x0000000000000666      0x2e6 /home/tock/libtock-c/libtock/build/cortex-m0/libtock.a(tock.o)
 .debug_abbrev  0x000000000000094c      0x216 /home/tock/libtock-c/libtock/build/cortex-m0/libtock.a(ipc.o)
 .debug_abbrev  0x0000000000000b62      0x1cd /home/tock/libtock-c/newlib/cortex-m/libc.a(lib_a-exit.o)
 .debug_abbrev  0x0000000000000d2f      0x15c /home/tock/libtock-c/newlib/cortex-m/libc.a(lib_a-impure.o)
 .debug_abbrev  0x0000000000000e8b      0x1c6 /home/tock/libtock-c/newlib/cortex-m/libc.a(lib_a-malloc.o)
 .debug_abbrev  0x0000000000001051      0x1ac /home/tock/libtock-c/newlib/cortex-m/libc.a(lib_a-memcpy-stub.o)
 .debug_abbrev  0x00000000000011fd      0x197 /home/tock/libtock-c/newlib/cortex-m/libc.a(lib_a-memset.o)
 .debug_abbrev  0x0000000000001394      0x275 /home/tock/libtock-c/newlib/cortex-m/libc.a(lib_a-nano-freer.o)
 .debug_abbrev  0x0000000000001609      0x2c7 /home/tock/libtock-c/newlib/cortex-m/libc.a(lib_a-nano-mallocr.o)
 .debug_abbrev  0x00000000000018d0      0x24d /home/tock/libtock-c/newlib/cortex-m/libc.a(lib_a-printf.o)
 .debug_abbrev  0x0000000000001b1d      0x1df /home/tock/libtock-c/newlib/cortex-m/libc.a(lib_a-sbrkr.o)
 .debug_abbrev  0x0000000000001cfc       0x14 /home/tock/libtock-c/newlib/cortex-m/libc.a(lib_a-strlen.o)
 .debug_abbrev  0x0000000000001d10      0x32c /home/tock/libtock-c/newlib/cortex-m/libc.a(lib_a-findfp.o)
 .debug_abbrev  0x000000000000203c      0x1ef /home/tock/libtock-c/newlib/cortex-m/libc.a(lib_a-fwalk.o)
 .debug_abbrev  0x000000000000222b      0x19d /home/tock/libtock-c/newlib/cortex-m/libc.a(lib_a-mlock.o)
 .debug_abbrev  0x00000000000023c8      0x2c2 /home/tock/libtock-c/newlib/cortex-m/libc.a(lib_a-nano-vfprintf.o)
 .debug_abbrev  0x000000000000268a      0x221 /home/tock/libtock-c/newlib/cortex-m/libc.a(lib_a-reent.o)
 .debug_abbrev  0x00000000000028ab      0x225 /home/tock/libtock-c/newlib/cortex-m/libc.a(lib_a-stdio.o)
 .debug_abbrev  0x0000000000002ad0      0x233 /home/tock/libtock-c/newlib/cortex-m/libc.a(lib_a-wbuf.o)
 .debug_abbrev  0x0000000000002d03      0x1e1 /home/tock/libtock-c/newlib/cortex-m/libc.a(lib_a-writer.o)
 .debug_abbrev  0x0000000000002ee4      0x208 /home/tock/libtock-c/newlib/cortex-m/libc.a(lib_a-wsetup.o)
 .debug_abbrev  0x00000000000030ec      0x1da /home/tock/libtock-c/newlib/cortex-m/libc.a(lib_a-closer.o)
 .debug_abbrev  0x00000000000032c6      0x29d /home/tock/libtock-c/newlib/cortex-m/libc.a(lib_a-fflush.o)
 .debug_abbrev  0x0000000000003563      0x237 /home/tock/libtock-c/newlib/cortex-m/libc.a(lib_a-fvwrite.o)
 .debug_abbrev  0x000000000000379a      0x1eb /home/tock/libtock-c/newlib/cortex-m/libc.a(lib_a-lseekr.o)
 .debug_abbrev  0x0000000000003985      0x2a3 /home/tock/libtock-c/newlib/cortex-m/libc.a(lib_a-makebuf.o)
 .debug_abbrev  0x0000000000003c28      0x1a5 /home/tock/libtock-c/newlib/cortex-m/libc.a(lib_a-memchr-stub.o)
 .debug_abbrev  0x0000000000003dcd      0x19c /home/tock/libtock-c/newlib/cortex-m/libc.a(lib_a-memmove.o)
 .debug_abbrev  0x0000000000003f69      0x1f4 /home/tock/libtock-c/newlib/cortex-m/libc.a(lib_a-nano-reallocr.o)
 .debug_abbrev  0x000000000000415d      0x2aa /home/tock/libtock-c/newlib/cortex-m/libc.a(lib_a-nano-vfprintf_i.o)
 .debug_abbrev  0x0000000000004407      0x1dc /home/tock/libtock-c/newlib/cortex-m/libc.a(lib_a-readr.o)
 .debug_abbrev  0x00000000000045e3      0x1e9 /home/tock/libtock-c/newlib/cortex-m/libc.a(lib_a-fstatr.o)
 .debug_abbrev  0x00000000000047cc      0x1da /home/tock/libtock-c/newlib/cortex-m/libc.a(lib_a-isattyr.o)
 .debug_abbrev  0x00000000000049a6      0x1b4 /home/tock/libtock-c/newlib/cortex-m/libc.a(lib_a-nano-msizer.o)
 .debug_abbrev  0x0000000000004b5a       0x14 /home/tock/libtock-c/libc++/cortex-m/libgcc.a(_thumb1_case_uqi.o)
 .debug_abbrev  0x0000000000004b6e       0x14 /home/tock/libtock-c/libc++/cortex-m/libgcc.a(_udivsi3.o)
 .debug_abbrev  0x0000000000004b82       0x14 /home/tock/libtock-c/libc++/cortex-m/libgcc.a(_divsi3.o)
 .debug_abbrev  0x0000000000004b96       0x14 /home/tock/libtock-c/libc++/cortex-m/libgcc.a(_dvmd_tls.o)
 .debug_abbrev  0x0000000000004baa      0x28e /home/tock/libtock-c/libtock/build/cortex-m0/libtock.a(sys.o)
 .debug_abbrev  0x0000000000004e38      0x2d3 /home/tock/libtock-c/libtock/build/cortex-m0/libtock.a(console.o)
 .debug_abbrev  0x000000000000510b      0x178 /home/tock/libtock-c/newlib/cortex-m/libc.a(lib_a-errno.o)
 .debug_abbrev  0x0000000000005283      0x196 /home/tock/libtock-c/newlib/cortex-m/libc.a(lib_a-strncpy.o)

.debug_loc      0x0000000000000000     0x416a
 .debug_loc     0x0000000000000000      0x297 build/cortex-m0/main.o
 .debug_loc     0x0000000000000297      0x104 /home/tock/libtock-c/libtock/build/cortex-m0/libtock.a(led.o)
 .debug_loc     0x000000000000039b      0x15e /home/tock/libtock-c/libtock/build/cortex-m0/libtock.a(crt0.o)
 .debug_loc     0x00000000000004f9      0x529 /home/tock/libtock-c/libtock/build/cortex-m0/libtock.a(tock.o)
 .debug_loc     0x0000000000000a22      0x367 /home/tock/libtock-c/libtock/build/cortex-m0/libtock.a(ipc.o)
 .debug_loc     0x0000000000000d89       0x1e /home/tock/libtock-c/newlib/cortex-m/libc.a(lib_a-exit.o)
 .debug_loc     0x0000000000000da7       0x58 /home/tock/libtock-c/newlib/cortex-m/libc.a(lib_a-malloc.o)
 .debug_loc     0x0000000000000dff       0xbe /home/tock/libtock-c/newlib/cortex-m/libc.a(lib_a-memcpy-stub.o)
 .debug_loc     0x0000000000000ebd       0x72 /home/tock/libtock-c/newlib/cortex-m/libc.a(lib_a-memset.o)
 .debug_loc     0x0000000000000f2f       0xe8 /home/tock/libtock-c/newlib/cortex-m/libc.a(lib_a-nano-freer.o)
 .debug_loc     0x0000000000001017      0x222 /home/tock/libtock-c/newlib/cortex-m/libc.a(lib_a-nano-mallocr.o)
 .debug_loc     0x0000000000001239       0x3f /home/tock/libtock-c/newlib/cortex-m/libc.a(lib_a-printf.o)
 .debug_loc     0x0000000000001278       0x4d /home/tock/libtock-c/newlib/cortex-m/libc.a(lib_a-sbrkr.o)
 .debug_loc     0x00000000000012c5      0x211 /home/tock/libtock-c/newlib/cortex-m/libc.a(lib_a-findfp.o)
 .debug_loc     0x00000000000014d6      0x199 /home/tock/libtock-c/newlib/cortex-m/libc.a(lib_a-fwalk.o)
 .debug_loc     0x000000000000166f      0x556 /home/tock/libtock-c/newlib/cortex-m/libc.a(lib_a-nano-vfprintf.o)
 .debug_loc     0x0000000000001bc5       0xcb /home/tock/libtock-c/newlib/cortex-m/libc.a(lib_a-reent.o)
 .debug_loc     0x0000000000001c90      0x302 /home/tock/libtock-c/newlib/cortex-m/libc.a(lib_a-stdio.o)
 .debug_loc     0x0000000000001f92      0x128 /home/tock/libtock-c/newlib/cortex-m/libc.a(lib_a-wbuf.o)
 .debug_loc     0x00000000000020ba       0xa5 /home/tock/libtock-c/newlib/cortex-m/libc.a(lib_a-writer.o)
 .debug_loc     0x000000000000215f       0x7e /home/tock/libtock-c/newlib/cortex-m/libc.a(lib_a-wsetup.o)
 .debug_loc     0x00000000000021dd       0x4d /home/tock/libtock-c/newlib/cortex-m/libc.a(lib_a-closer.o)
 .debug_loc     0x000000000000222a      0x2ab /home/tock/libtock-c/newlib/cortex-m/libc.a(lib_a-fflush.o)
 .debug_loc     0x00000000000024d5      0x5f2 /home/tock/libtock-c/newlib/cortex-m/libc.a(lib_a-fvwrite.o)
 .debug_loc     0x0000000000002ac7       0xa5 /home/tock/libtock-c/newlib/cortex-m/libc.a(lib_a-lseekr.o)
 .debug_loc     0x0000000000002b6c      0x213 /home/tock/libtock-c/newlib/cortex-m/libc.a(lib_a-makebuf.o)
 .debug_loc     0x0000000000002d7f       0xb4 /home/tock/libtock-c/newlib/cortex-m/libc.a(lib_a-memchr-stub.o)
 .debug_loc     0x0000000000002e33       0xe7 /home/tock/libtock-c/newlib/cortex-m/libc.a(lib_a-memmove.o)
 .debug_loc     0x0000000000002f1a      0x13c /home/tock/libtock-c/newlib/cortex-m/libc.a(lib_a-nano-reallocr.o)
 .debug_loc     0x0000000000003056      0x5bb /home/tock/libtock-c/newlib/cortex-m/libc.a(lib_a-nano-vfprintf_i.o)
 .debug_loc     0x0000000000003611       0xa5 /home/tock/libtock-c/newlib/cortex-m/libc.a(lib_a-readr.o)
 .debug_loc     0x00000000000036b6       0x79 /home/tock/libtock-c/newlib/cortex-m/libc.a(lib_a-fstatr.o)
 .debug_loc     0x000000000000372f       0x4d /home/tock/libtock-c/newlib/cortex-m/libc.a(lib_a-isattyr.o)
 .debug_loc     0x000000000000377c       0x7d /home/tock/libtock-c/newlib/cortex-m/libc.a(lib_a-nano-msizer.o)
 .debug_loc     0x00000000000037f9      0x21d /home/tock/libtock-c/libtock/build/cortex-m0/libtock.a(sys.o)
 .debug_loc     0x0000000000003a16      0x645 /home/tock/libtock-c/libtock/build/cortex-m0/libtock.a(console.o)
 .debug_loc     0x000000000000405b      0x10f /home/tock/libtock-c/newlib/cortex-m/libc.a(lib_a-strncpy.o)

.debug_aranges  0x0000000000000000      0x7d0
 .debug_aranges
                0x0000000000000000       0x28 build/cortex-m0/main.o
 .debug_aranges
                0x0000000000000028       0x38 /home/tock/libtock-c/libtock/build/cortex-m0/libtock.a(led.o)
 .debug_aranges
                0x0000000000000060       0x28 /home/tock/libtock-c/libtock/build/cortex-m0/libtock.a(crt0.o)
 .debug_aranges
                0x0000000000000088       0xa8 /home/tock/libtock-c/libtock/build/cortex-m0/libtock.a(tock.o)
 .debug_aranges
                0x0000000000000130       0x48 /home/tock/libtock-c/libtock/build/cortex-m0/libtock.a(ipc.o)
 .debug_aranges
                0x0000000000000178       0x20 /home/tock/libtock-c/newlib/cortex-m/libc.a(lib_a-exit.o)
 .debug_aranges
                0x0000000000000198       0x18 /home/tock/libtock-c/newlib/cortex-m/libc.a(lib_a-impure.o)
 .debug_aranges
                0x00000000000001b0       0x28 /home/tock/libtock-c/newlib/cortex-m/libc.a(lib_a-malloc.o)
 .debug_aranges
                0x00000000000001d8       0x20 /home/tock/libtock-c/newlib/cortex-m/libc.a(lib_a-memcpy-stub.o)
 .debug_aranges
                0x00000000000001f8       0x20 /home/tock/libtock-c/newlib/cortex-m/libc.a(lib_a-memset.o)
 .debug_aranges
                0x0000000000000218       0x20 /home/tock/libtock-c/newlib/cortex-m/libc.a(lib_a-nano-freer.o)
 .debug_aranges
                0x0000000000000238       0x20 /home/tock/libtock-c/newlib/cortex-m/libc.a(lib_a-nano-mallocr.o)
 .debug_aranges
                0x0000000000000258       0x28 /home/tock/libtock-c/newlib/cortex-m/libc.a(lib_a-printf.o)
 .debug_aranges
                0x0000000000000280       0x20 /home/tock/libtock-c/newlib/cortex-m/libc.a(lib_a-sbrkr.o)
 .debug_aranges
                0x00000000000002a0       0x20 /home/tock/libtock-c/newlib/cortex-m/libc.a(lib_a-strlen.o)
 .debug_aranges
                0x00000000000002c0       0x68 /home/tock/libtock-c/newlib/cortex-m/libc.a(lib_a-findfp.o)
 .debug_aranges
                0x0000000000000328       0x28 /home/tock/libtock-c/newlib/cortex-m/libc.a(lib_a-fwalk.o)
 .debug_aranges
                0x0000000000000350       0x20 /home/tock/libtock-c/newlib/cortex-m/libc.a(lib_a-mlock.o)
 .debug_aranges
                0x0000000000000370       0x40 /home/tock/libtock-c/newlib/cortex-m/libc.a(lib_a-nano-vfprintf.o)
 .debug_aranges
                0x00000000000003b0       0x28 /home/tock/libtock-c/newlib/cortex-m/libc.a(lib_a-reent.o)
 .debug_aranges
                0x00000000000003d8       0x40 /home/tock/libtock-c/newlib/cortex-m/libc.a(lib_a-stdio.o)
 .debug_aranges
                0x0000000000000418       0x28 /home/tock/libtock-c/newlib/cortex-m/libc.a(lib_a-wbuf.o)
 .debug_aranges
                0x0000000000000440       0x20 /home/tock/libtock-c/newlib/cortex-m/libc.a(lib_a-writer.o)
 .debug_aranges
                0x0000000000000460       0x20 /home/tock/libtock-c/newlib/cortex-m/libc.a(lib_a-wsetup.o)
 .debug_aranges
                0x0000000000000480       0x20 /home/tock/libtock-c/newlib/cortex-m/libc.a(lib_a-closer.o)
 .debug_aranges
                0x00000000000004a0       0x30 /home/tock/libtock-c/newlib/cortex-m/libc.a(lib_a-fflush.o)
 .debug_aranges
                0x00000000000004d0       0x20 /home/tock/libtock-c/newlib/cortex-m/libc.a(lib_a-fvwrite.o)
 .debug_aranges
                0x00000000000004f0       0x20 /home/tock/libtock-c/newlib/cortex-m/libc.a(lib_a-lseekr.o)
 .debug_aranges
                0x0000000000000510       0x28 /home/tock/libtock-c/newlib/cortex-m/libc.a(lib_a-makebuf.o)
 .debug_aranges
                0x0000000000000538       0x20 /home/tock/libtock-c/newlib/cortex-m/libc.a(lib_a-memchr-stub.o)
 .debug_aranges
                0x0000000000000558       0x20 /home/tock/libtock-c/newlib/cortex-m/libc.a(lib_a-memmove.o)
 .debug_aranges
                0x0000000000000578       0x20 /home/tock/libtock-c/newlib/cortex-m/libc.a(lib_a-nano-reallocr.o)
 .debug_aranges
                0x0000000000000598       0x28 /home/tock/libtock-c/newlib/cortex-m/libc.a(lib_a-nano-vfprintf_i.o)
 .debug_aranges
                0x00000000000005c0       0x20 /home/tock/libtock-c/newlib/cortex-m/libc.a(lib_a-readr.o)
 .debug_aranges
                0x00000000000005e0       0x20 /home/tock/libtock-c/newlib/cortex-m/libc.a(lib_a-fstatr.o)
 .debug_aranges
                0x0000000000000600       0x20 /home/tock/libtock-c/newlib/cortex-m/libc.a(lib_a-isattyr.o)
 .debug_aranges
                0x0000000000000620       0x20 /home/tock/libtock-c/newlib/cortex-m/libc.a(lib_a-nano-msizer.o)
 .debug_aranges
                0x0000000000000640       0x20 /home/tock/libtock-c/libc++/cortex-m/libgcc.a(_thumb1_case_uqi.o)
 .debug_aranges
                0x0000000000000660       0x20 /home/tock/libtock-c/libc++/cortex-m/libgcc.a(_udivsi3.o)
 .debug_aranges
                0x0000000000000680       0x20 /home/tock/libtock-c/libc++/cortex-m/libgcc.a(_divsi3.o)
 .debug_aranges
                0x00000000000006a0       0x20 /home/tock/libtock-c/libc++/cortex-m/libgcc.a(_dvmd_tls.o)
 .debug_aranges
                0x00000000000006c0       0x78 /home/tock/libtock-c/libtock/build/cortex-m0/libtock.a(sys.o)
 .debug_aranges
                0x0000000000000738       0x58 /home/tock/libtock-c/libtock/build/cortex-m0/libtock.a(console.o)
 .debug_aranges
                0x0000000000000790       0x20 /home/tock/libtock-c/newlib/cortex-m/libc.a(lib_a-errno.o)
 .debug_aranges
                0x00000000000007b0       0x20 /home/tock/libtock-c/newlib/cortex-m/libc.a(lib_a-strncpy.o)

.debug_ranges   0x0000000000000000      0x730
 .debug_ranges  0x0000000000000000       0x18 build/cortex-m0/main.o
 .debug_ranges  0x0000000000000018       0x28 /home/tock/libtock-c/libtock/build/cortex-m0/libtock.a(led.o)
 .debug_ranges  0x0000000000000040       0x70 /home/tock/libtock-c/libtock/build/cortex-m0/libtock.a(crt0.o)
 .debug_ranges  0x00000000000000b0       0x98 /home/tock/libtock-c/libtock/build/cortex-m0/libtock.a(tock.o)
 .debug_ranges  0x0000000000000148       0x38 /home/tock/libtock-c/libtock/build/cortex-m0/libtock.a(ipc.o)
 .debug_ranges  0x0000000000000180       0x10 /home/tock/libtock-c/newlib/cortex-m/libc.a(lib_a-exit.o)
 .debug_ranges  0x0000000000000190       0x18 /home/tock/libtock-c/newlib/cortex-m/libc.a(lib_a-malloc.o)
 .debug_ranges  0x00000000000001a8       0x10 /home/tock/libtock-c/newlib/cortex-m/libc.a(lib_a-memcpy-stub.o)
 .debug_ranges  0x00000000000001b8       0x10 /home/tock/libtock-c/newlib/cortex-m/libc.a(lib_a-memset.o)
 .debug_ranges  0x00000000000001c8       0x28 /home/tock/libtock-c/newlib/cortex-m/libc.a(lib_a-nano-freer.o)
 .debug_ranges  0x00000000000001f0       0x60 /home/tock/libtock-c/newlib/cortex-m/libc.a(lib_a-nano-mallocr.o)
 .debug_ranges  0x0000000000000250       0x18 /home/tock/libtock-c/newlib/cortex-m/libc.a(lib_a-printf.o)
 .debug_ranges  0x0000000000000268       0x10 /home/tock/libtock-c/newlib/cortex-m/libc.a(lib_a-sbrkr.o)
 .debug_ranges  0x0000000000000278       0x58 /home/tock/libtock-c/newlib/cortex-m/libc.a(lib_a-findfp.o)
 .debug_ranges  0x00000000000002d0       0x18 /home/tock/libtock-c/newlib/cortex-m/libc.a(lib_a-fwalk.o)
 .debug_ranges  0x00000000000002e8       0x10 /home/tock/libtock-c/newlib/cortex-m/libc.a(lib_a-mlock.o)
 .debug_ranges  0x00000000000002f8       0x48 /home/tock/libtock-c/newlib/cortex-m/libc.a(lib_a-nano-vfprintf.o)
 .debug_ranges  0x0000000000000340       0x48 /home/tock/libtock-c/newlib/cortex-m/libc.a(lib_a-reent.o)
 .debug_ranges  0x0000000000000388       0x30 /home/tock/libtock-c/newlib/cortex-m/libc.a(lib_a-stdio.o)
 .debug_ranges  0x00000000000003b8       0x30 /home/tock/libtock-c/newlib/cortex-m/libc.a(lib_a-wbuf.o)
 .debug_ranges  0x00000000000003e8       0x10 /home/tock/libtock-c/newlib/cortex-m/libc.a(lib_a-writer.o)
 .debug_ranges  0x00000000000003f8       0x40 /home/tock/libtock-c/newlib/cortex-m/libc.a(lib_a-wsetup.o)
 .debug_ranges  0x0000000000000438       0x28 /home/tock/libtock-c/newlib/cortex-m/libc.a(lib_a-closer.o)
 .debug_ranges  0x0000000000000460       0x68 /home/tock/libtock-c/newlib/cortex-m/libc.a(lib_a-fflush.o)
 .debug_ranges  0x00000000000004c8       0x30 /home/tock/libtock-c/newlib/cortex-m/libc.a(lib_a-fvwrite.o)
 .debug_ranges  0x00000000000004f8       0x10 /home/tock/libtock-c/newlib/cortex-m/libc.a(lib_a-lseekr.o)
 .debug_ranges  0x0000000000000508       0x30 /home/tock/libtock-c/newlib/cortex-m/libc.a(lib_a-makebuf.o)
 .debug_ranges  0x0000000000000538       0x10 /home/tock/libtock-c/newlib/cortex-m/libc.a(lib_a-memchr-stub.o)
 .debug_ranges  0x0000000000000548       0x10 /home/tock/libtock-c/newlib/cortex-m/libc.a(lib_a-memmove.o)
 .debug_ranges  0x0000000000000558       0x10 /home/tock/libtock-c/newlib/cortex-m/libc.a(lib_a-nano-reallocr.o)
 .debug_ranges  0x0000000000000568       0x88 /home/tock/libtock-c/newlib/cortex-m/libc.a(lib_a-nano-vfprintf_i.o)
 .debug_ranges  0x00000000000005f0       0x10 /home/tock/libtock-c/newlib/cortex-m/libc.a(lib_a-readr.o)
 .debug_ranges  0x0000000000000600       0x28 /home/tock/libtock-c/newlib/cortex-m/libc.a(lib_a-fstatr.o)
 .debug_ranges  0x0000000000000628       0x28 /home/tock/libtock-c/newlib/cortex-m/libc.a(lib_a-isattyr.o)
 .debug_ranges  0x0000000000000650       0x10 /home/tock/libtock-c/newlib/cortex-m/libc.a(lib_a-nano-msizer.o)
 .debug_ranges  0x0000000000000660       0x68 /home/tock/libtock-c/libtock/build/cortex-m0/libtock.a(sys.o)
 .debug_ranges  0x00000000000006c8       0x48 /home/tock/libtock-c/libtock/build/cortex-m0/libtock.a(console.o)
 .debug_ranges  0x0000000000000710       0x10 /home/tock/libtock-c/newlib/cortex-m/libc.a(lib_a-errno.o)
 .debug_ranges  0x0000000000000720       0x10 /home/tock/libtock-c/newlib/cortex-m/libc.a(lib_a-strncpy.o)

.debug_line     0x0000000000000000     0x51b1
 .debug_line    0x0000000000000000      0x179 build/cortex-m0/main.o
 .debug_line    0x0000000000000179      0x106 /home/tock/libtock-c/libtock/build/cortex-m0/libtock.a(led.o)
 .debug_line    0x000000000000027f      0x16b /home/tock/libtock-c/libtock/build/cortex-m0/libtock.a(crt0.o)
 .debug_line    0x00000000000003ea      0x2be /home/tock/libtock-c/libtock/build/cortex-m0/libtock.a(tock.o)
 .debug_line    0x00000000000006a8      0x178 /home/tock/libtock-c/libtock/build/cortex-m0/libtock.a(ipc.o)
 .debug_line    0x0000000000000820      0x1a4 /home/tock/libtock-c/newlib/cortex-m/libc.a(lib_a-exit.o)
 .debug_line    0x00000000000009c4      0x119 /home/tock/libtock-c/newlib/cortex-m/libc.a(lib_a-impure.o)
 .debug_line    0x0000000000000add      0x1be /home/tock/libtock-c/newlib/cortex-m/libc.a(lib_a-malloc.o)
 .debug_line    0x0000000000000c9b      0x1b1 /home/tock/libtock-c/newlib/cortex-m/libc.a(lib_a-memcpy-stub.o)
 .debug_line    0x0000000000000e4c      0x216 /home/tock/libtock-c/newlib/cortex-m/libc.a(lib_a-memset.o)
 .debug_line    0x0000000000001062      0x17a /home/tock/libtock-c/newlib/cortex-m/libc.a(lib_a-nano-freer.o)
 .debug_line    0x00000000000011dc      0x1f3 /home/tock/libtock-c/newlib/cortex-m/libc.a(lib_a-nano-mallocr.o)
 .debug_line    0x00000000000013cf      0x205 /home/tock/libtock-c/newlib/cortex-m/libc.a(lib_a-printf.o)
 .debug_line    0x00000000000015d4      0x1ab /home/tock/libtock-c/newlib/cortex-m/libc.a(lib_a-sbrkr.o)
 .debug_line    0x000000000000177f       0x8b /home/tock/libtock-c/newlib/cortex-m/libc.a(lib_a-strlen.o)
 .debug_line    0x000000000000180a      0x303 /home/tock/libtock-c/newlib/cortex-m/libc.a(lib_a-findfp.o)
 .debug_line    0x0000000000001b0d      0x22b /home/tock/libtock-c/newlib/cortex-m/libc.a(lib_a-fwalk.o)
 .debug_line    0x0000000000001d38      0x129 /home/tock/libtock-c/newlib/cortex-m/libc.a(lib_a-mlock.o)
 .debug_line    0x0000000000001e61      0x443 /home/tock/libtock-c/newlib/cortex-m/libc.a(lib_a-nano-vfprintf.o)
 .debug_line    0x00000000000022a4      0x1d5 /home/tock/libtock-c/newlib/cortex-m/libc.a(lib_a-reent.o)
 .debug_line    0x0000000000002479      0x235 /home/tock/libtock-c/newlib/cortex-m/libc.a(lib_a-stdio.o)
 .debug_line    0x00000000000026ae      0x241 /home/tock/libtock-c/newlib/cortex-m/libc.a(lib_a-wbuf.o)
 .debug_line    0x00000000000028ef      0x1a8 /home/tock/libtock-c/newlib/cortex-m/libc.a(lib_a-writer.o)
 .debug_line    0x0000000000002a97      0x234 /home/tock/libtock-c/newlib/cortex-m/libc.a(lib_a-wsetup.o)
 .debug_line    0x0000000000002ccb      0x1ac /home/tock/libtock-c/newlib/cortex-m/libc.a(lib_a-closer.o)
 .debug_line    0x0000000000002e77      0x2b2 /home/tock/libtock-c/newlib/cortex-m/libc.a(lib_a-fflush.o)
 .debug_line    0x0000000000003129      0x2c3 /home/tock/libtock-c/newlib/cortex-m/libc.a(lib_a-fvwrite.o)
 .debug_line    0x00000000000033ec      0x1a8 /home/tock/libtock-c/newlib/cortex-m/libc.a(lib_a-lseekr.o)
 .debug_line    0x0000000000003594      0x2be /home/tock/libtock-c/newlib/cortex-m/libc.a(lib_a-makebuf.o)
 .debug_line    0x0000000000003852      0x1b1 /home/tock/libtock-c/newlib/cortex-m/libc.a(lib_a-memchr-stub.o)
 .debug_line    0x0000000000003a03      0x226 /home/tock/libtock-c/newlib/cortex-m/libc.a(lib_a-memmove.o)
 .debug_line    0x0000000000003c29      0x1b9 /home/tock/libtock-c/newlib/cortex-m/libc.a(lib_a-nano-reallocr.o)
 .debug_line    0x0000000000003de2      0x439 /home/tock/libtock-c/newlib/cortex-m/libc.a(lib_a-nano-vfprintf_i.o)
 .debug_line    0x000000000000421b      0x1a7 /home/tock/libtock-c/newlib/cortex-m/libc.a(lib_a-readr.o)
 .debug_line    0x00000000000043c2      0x24f /home/tock/libtock-c/newlib/cortex-m/libc.a(lib_a-fstatr.o)
 .debug_line    0x0000000000004611      0x1ad /home/tock/libtock-c/newlib/cortex-m/libc.a(lib_a-isattyr.o)
 .debug_line    0x00000000000047be      0x13f /home/tock/libtock-c/newlib/cortex-m/libc.a(lib_a-nano-msizer.o)
 .debug_line    0x00000000000048fd       0x69 /home/tock/libtock-c/libc++/cortex-m/libgcc.a(_thumb1_case_uqi.o)
 .debug_line    0x0000000000004966       0x78 /home/tock/libtock-c/libc++/cortex-m/libgcc.a(_udivsi3.o)
 .debug_line    0x00000000000049de       0x86 /home/tock/libtock-c/libc++/cortex-m/libgcc.a(_divsi3.o)
 .debug_line    0x0000000000004a64       0x61 /home/tock/libtock-c/libc++/cortex-m/libgcc.a(_dvmd_tls.o)
 .debug_line    0x0000000000004ac5      0x235 /home/tock/libtock-c/libtock/build/cortex-m0/libtock.a(sys.o)
 .debug_line    0x0000000000004cfa      0x1e0 /home/tock/libtock-c/libtock/build/cortex-m0/libtock.a(console.o)
 .debug_line    0x0000000000004eda      0x136 /home/tock/libtock-c/newlib/cortex-m/libc.a(lib_a-errno.o)
 .debug_line    0x0000000000005010      0x1a1 /home/tock/libtock-c/newlib/cortex-m/libc.a(lib_a-strncpy.o)

.debug_str      0x0000000000000000     0x2204
 .debug_str     0x0000000000000000      0x5b7 build/cortex-m0/main.o
                                        0x694 (size before relaxing)
 .debug_str     0x00000000000005b7       0x4d /home/tock/libtock-c/libtock/build/cortex-m0/libtock.a(led.o)
                                        0x638 (size before relaxing)
 .debug_str     0x0000000000000604      0x103 /home/tock/libtock-c/libtock/build/cortex-m0/libtock.a(crt0.o)
                                        0x726 (size before relaxing)
 .debug_str     0x0000000000000707      0x1ff /home/tock/libtock-c/libtock/build/cortex-m0/libtock.a(tock.o)
                                        0x847 (size before relaxing)
 .debug_str     0x0000000000000906       0x75 /home/tock/libtock-c/libtock/build/cortex-m0/libtock.a(ipc.o)
                                        0x6e9 (size before relaxing)
 .debug_str     0x000000000000097b      0x21d /home/tock/libtock-c/newlib/cortex-m/libc.a(lib_a-exit.o)
                                        0x67f (size before relaxing)
 .debug_str     0x0000000000000b98       0xc3 /home/tock/libtock-c/newlib/cortex-m/libc.a(lib_a-impure.o)
                                        0x633 (size before relaxing)
 .debug_str     0x0000000000000c5b       0x62 /home/tock/libtock-c/newlib/cortex-m/libc.a(lib_a-malloc.o)
                                        0x664 (size before relaxing)
 .debug_str     0x0000000000000cbd       0xdf /home/tock/libtock-c/newlib/cortex-m/libc.a(lib_a-memcpy-stub.o)
                                        0x65d (size before relaxing)
 .debug_str     0x0000000000000d9c      0x324 /home/tock/libtock-c/newlib/cortex-m/libc.a(lib_a-memset.o)
                                        0x94c (size before relaxing)
 .debug_str     0x00000000000010c0      0x147 /home/tock/libtock-c/newlib/cortex-m/libc.a(lib_a-nano-freer.o)
                                        0x763 (size before relaxing)
 .debug_str     0x0000000000001207       0x32 /home/tock/libtock-c/newlib/cortex-m/libc.a(lib_a-nano-mallocr.o)
                                        0x77a (size before relaxing)
 .debug_str     0x0000000000001239      0x1ed /home/tock/libtock-c/newlib/cortex-m/libc.a(lib_a-printf.o)
                                        0x7ad (size before relaxing)
 .debug_str     0x0000000000001426       0x57 /home/tock/libtock-c/newlib/cortex-m/libc.a(lib_a-sbrkr.o)
                                        0x676 (size before relaxing)
 .debug_str     0x000000000000147d      0x165 /home/tock/libtock-c/newlib/cortex-m/libc.a(lib_a-findfp.o)
                                        0x8d7 (size before relaxing)
 .debug_str     0x00000000000015e2       0x51 /home/tock/libtock-c/newlib/cortex-m/libc.a(lib_a-fwalk.o)
                                        0x7a9 (size before relaxing)
 .debug_str     0x0000000000001633       0x5c /home/tock/libtock-c/newlib/cortex-m/libc.a(lib_a-mlock.o)
                                        0x65f (size before relaxing)
 .debug_str     0x000000000000168f      0x1d3 /home/tock/libtock-c/newlib/cortex-m/libc.a(lib_a-nano-vfprintf.o)
                                        0xc94 (size before relaxing)
 .debug_str     0x0000000000001862       0x6e /home/tock/libtock-c/newlib/cortex-m/libc.a(lib_a-reent.o)
                                        0x66f (size before relaxing)
 .debug_str     0x00000000000018d0       0xa2 /home/tock/libtock-c/newlib/cortex-m/libc.a(lib_a-stdio.o)
                                        0x7fd (size before relaxing)
 .debug_str     0x0000000000001972       0x53 /home/tock/libtock-c/newlib/cortex-m/libc.a(lib_a-wbuf.o)
                                        0x7bc (size before relaxing)
 .debug_str     0x00000000000019c5       0x43 /home/tock/libtock-c/newlib/cortex-m/libc.a(lib_a-writer.o)
                                        0x673 (size before relaxing)
 .debug_str     0x0000000000001a08       0x50 /home/tock/libtock-c/newlib/cortex-m/libc.a(lib_a-wsetup.o)
                                        0x7b7 (size before relaxing)
 .debug_str     0x0000000000001a58       0x43 /home/tock/libtock-c/newlib/cortex-m/libc.a(lib_a-closer.o)
                                        0x663 (size before relaxing)
 .debug_str     0x0000000000001a9b       0x66 /home/tock/libtock-c/newlib/cortex-m/libc.a(lib_a-fflush.o)
                                        0x7e5 (size before relaxing)
 .debug_str     0x0000000000001b01       0x75 /home/tock/libtock-c/newlib/cortex-m/libc.a(lib_a-fvwrite.o)
                                        0x836 (size before relaxing)
 .debug_str     0x0000000000001b76       0x4a /home/tock/libtock-c/newlib/cortex-m/libc.a(lib_a-lseekr.o)
                                        0x671 (size before relaxing)
 .debug_str     0x0000000000001bc0      0x16a /home/tock/libtock-c/newlib/cortex-m/libc.a(lib_a-makebuf.o)
                                        0x923 (size before relaxing)
 .debug_str     0x0000000000001d2a       0x61 /home/tock/libtock-c/newlib/cortex-m/libc.a(lib_a-memchr-stub.o)
                                        0x659 (size before relaxing)
 .debug_str     0x0000000000001d8b       0x4e /home/tock/libtock-c/newlib/cortex-m/libc.a(lib_a-memmove.o)
                                        0x967 (size before relaxing)
 .debug_str     0x0000000000001dd9       0x23 /home/tock/libtock-c/newlib/cortex-m/libc.a(lib_a-nano-reallocr.o)
                                        0x760 (size before relaxing)
 .debug_str     0x0000000000001dfc       0xa4 /home/tock/libtock-c/newlib/cortex-m/libc.a(lib_a-nano-vfprintf_i.o)
                                        0xc1a (size before relaxing)
 .debug_str     0x0000000000001ea0       0x42 /home/tock/libtock-c/newlib/cortex-m/libc.a(lib_a-readr.o)
                                        0x671 (size before relaxing)
 .debug_str     0x0000000000001ee2       0x50 /home/tock/libtock-c/newlib/cortex-m/libc.a(lib_a-fstatr.o)
                                        0x7ca (size before relaxing)
 .debug_str     0x0000000000001f32       0x4c /home/tock/libtock-c/newlib/cortex-m/libc.a(lib_a-isattyr.o)
                                        0x66d (size before relaxing)
 .debug_str     0x0000000000001f7e        0xf /home/tock/libtock-c/newlib/cortex-m/libc.a(lib_a-nano-msizer.o)
                                        0x73e (size before relaxing)
 .debug_str     0x0000000000001f8d       0x84 /home/tock/libtock-c/libtock/build/cortex-m0/libtock.a(sys.o)
                                        0x83b (size before relaxing)
 .debug_str     0x0000000000002011       0xec /home/tock/libtock-c/libtock/build/cortex-m0/libtock.a(console.o)
                                        0x750 (size before relaxing)
 .debug_str     0x00000000000020fd       0xb6 /home/tock/libtock-c/newlib/cortex-m/libc.a(lib_a-errno.o)
                                        0x645 (size before relaxing)
 .debug_str     0x00000000000021b3       0x51 /home/tock/libtock-c/newlib/cortex-m/libc.a(lib_a-strncpy.o)
                                        0x655 (size before relaxing)

.debug_frame    0x0000000000000000      0xe8c
 .debug_frame   0x0000000000000000       0x50 build/cortex-m0/main.o
 .debug_frame   0x0000000000000050       0x70 /home/tock/libtock-c/libtock/build/cortex-m0/libtock.a(led.o)
 .debug_frame   0x00000000000000c0       0x40 /home/tock/libtock-c/libtock/build/cortex-m0/libtock.a(crt0.o)
 .debug_frame   0x0000000000000100      0x1cc /home/tock/libtock-c/libtock/build/cortex-m0/libtock.a(tock.o)
 .debug_frame   0x00000000000002cc       0xa4 /home/tock/libtock-c/libtock/build/cortex-m0/libtock.a(ipc.o)
 .debug_frame   0x0000000000000370       0x34 /home/tock/libtock-c/newlib/cortex-m/libc.a(lib_a-exit.o)
 .debug_frame   0x00000000000003a4       0x40 /home/tock/libtock-c/newlib/cortex-m/libc.a(lib_a-malloc.o)
 .debug_frame   0x00000000000003e4       0x28 /home/tock/libtock-c/newlib/cortex-m/libc.a(lib_a-memcpy-stub.o)
 .debug_frame   0x000000000000040c       0x20 /home/tock/libtock-c/newlib/cortex-m/libc.a(lib_a-memset.o)
 .debug_frame   0x000000000000042c       0x30 /home/tock/libtock-c/newlib/cortex-m/libc.a(lib_a-nano-freer.o)
 .debug_frame   0x000000000000045c       0x34 /home/tock/libtock-c/newlib/cortex-m/libc.a(lib_a-nano-mallocr.o)
 .debug_frame   0x0000000000000490       0x54 /home/tock/libtock-c/newlib/cortex-m/libc.a(lib_a-printf.o)
 .debug_frame   0x00000000000004e4       0x30 /home/tock/libtock-c/newlib/cortex-m/libc.a(lib_a-sbrkr.o)
 .debug_frame   0x0000000000000514      0x168 /home/tock/libtock-c/newlib/cortex-m/libc.a(lib_a-findfp.o)
 .debug_frame   0x000000000000067c       0x50 /home/tock/libtock-c/newlib/cortex-m/libc.a(lib_a-fwalk.o)
 .debug_frame   0x00000000000006cc       0x30 /home/tock/libtock-c/newlib/cortex-m/libc.a(lib_a-mlock.o)
 .debug_frame   0x00000000000006fc       0xa8 /home/tock/libtock-c/newlib/cortex-m/libc.a(lib_a-nano-vfprintf.o)
 .debug_frame   0x00000000000007a4       0x50 /home/tock/libtock-c/newlib/cortex-m/libc.a(lib_a-reent.o)
 .debug_frame   0x00000000000007f4       0x90 /home/tock/libtock-c/newlib/cortex-m/libc.a(lib_a-stdio.o)
 .debug_frame   0x0000000000000884       0x50 /home/tock/libtock-c/newlib/cortex-m/libc.a(lib_a-wbuf.o)
 .debug_frame   0x00000000000008d4       0x30 /home/tock/libtock-c/newlib/cortex-m/libc.a(lib_a-writer.o)
 .debug_frame   0x0000000000000904       0x38 /home/tock/libtock-c/newlib/cortex-m/libc.a(lib_a-wsetup.o)
 .debug_frame   0x000000000000093c       0x30 /home/tock/libtock-c/newlib/cortex-m/libc.a(lib_a-closer.o)
 .debug_frame   0x000000000000096c       0x70 /home/tock/libtock-c/newlib/cortex-m/libc.a(lib_a-fflush.o)
 .debug_frame   0x00000000000009dc       0x30 /home/tock/libtock-c/newlib/cortex-m/libc.a(lib_a-fvwrite.o)
 .debug_frame   0x0000000000000a0c       0x30 /home/tock/libtock-c/newlib/cortex-m/libc.a(lib_a-lseekr.o)
 .debug_frame   0x0000000000000a3c       0x58 /home/tock/libtock-c/newlib/cortex-m/libc.a(lib_a-makebuf.o)
 .debug_frame   0x0000000000000a94       0x20 /home/tock/libtock-c/newlib/cortex-m/libc.a(lib_a-memchr-stub.o)
 .debug_frame   0x0000000000000ab4       0x28 /home/tock/libtock-c/newlib/cortex-m/libc.a(lib_a-memmove.o)
 .debug_frame   0x0000000000000adc       0x30 /home/tock/libtock-c/newlib/cortex-m/libc.a(lib_a-nano-reallocr.o)
 .debug_frame   0x0000000000000b0c       0x58 /home/tock/libtock-c/newlib/cortex-m/libc.a(lib_a-nano-vfprintf_i.o)
 .debug_frame   0x0000000000000b64       0x30 /home/tock/libtock-c/newlib/cortex-m/libc.a(lib_a-readr.o)
 .debug_frame   0x0000000000000b94       0x30 /home/tock/libtock-c/newlib/cortex-m/libc.a(lib_a-fstatr.o)
 .debug_frame   0x0000000000000bc4       0x30 /home/tock/libtock-c/newlib/cortex-m/libc.a(lib_a-isattyr.o)
 .debug_frame   0x0000000000000bf4       0x20 /home/tock/libtock-c/newlib/cortex-m/libc.a(lib_a-nano-msizer.o)
 .debug_frame   0x0000000000000c14       0x20 /home/tock/libtock-c/libc++/cortex-m/libgcc.a(_udivsi3.o)
 .debug_frame   0x0000000000000c34       0x20 /home/tock/libtock-c/libc++/cortex-m/libgcc.a(_divsi3.o)
 .debug_frame   0x0000000000000c54       0xe4 /home/tock/libtock-c/libtock/build/cortex-m0/libtock.a(sys.o)
 .debug_frame   0x0000000000000d38       0xfc /home/tock/libtock-c/libtock/build/cortex-m0/libtock.a(console.o)
 .debug_frame   0x0000000000000e34       0x2c /home/tock/libtock-c/newlib/cortex-m/libc.a(lib_a-errno.o)
 .debug_frame   0x0000000000000e60       0x2c /home/tock/libtock-c/newlib/cortex-m/libc.a(lib_a-strncpy.o)
